<html>
<body>
<pre>
<h1>礦ision Build Log</h1>
<h2>Tool Versions:</h2>
IDE-Version: μVision V5.33.0.0
Copyright (C) 2020 ARM Ltd and ARM Germany GmbH. All rights reserved.
License Information: G sx, Sneek2023, LIC=WHYH9-46VTA-UHM8H-W4XV6-J5CIE-LTTHE
 
Tool Versions:
Toolchain:       MDK-ARM Plus  Version: 5.33.0.0
Toolchain Path:  D:\Apps\Keil5_v5\ARM\ARMCLANG\Bin
C Compiler:      ArmClang.exe V6.15
Assembler:       Armasm.exe V6.15
Linker/Locator:  ArmLink.exe V6.15
Library Manager: ArmAr.exe V6.15
Hex Converter:   FromElf.exe V6.15
CPU DLL:         SARMCM3.DLL V5.33.0.0
Dialog DLL:      DARMCM1.DLL V1.19.4.0
Target DLL:      CMSIS_AGDI.dll V1.32.12.0
Dialog DLL:      TARMCM1.DLL V1.14.3.0
 
<h2>Project:</h2>
F:\workplace\NUEDC2024\Mspm0_template\NUEDC2024\examples\mspm0g3507_template - thefinebest\keil\empty_project_led.uvprojx
Project File Date:  10/10/2024

<h2>Output:</h2>
*** Using Compiler 'V6.15', folder: 'D:\Apps\Keil5_v5\ARM\ARMCLANG\Bin'
Build target 'empty_project_led'
Before Build - User command #1: cmd.exe /C "F:\workplace\NUEDC2024\Mspm0_template\NUEDC2024\examples\mspm0g3507_template - thefinebest\keil\../../../tools/keil/syscfg.bat 'F:\workplace\NUEDC2024\Mspm0_template\NUEDC2024\examples\mspm0g3507_template - thefinebest\keil\' ncontroller.syscfg"
'F:\workplace\NUEDC2024\Mspm0_template\NUEDC2024\examples\mspm0g3507_template' 不是内部或外部命令，也不是可运行的程序
或批处理文件。
compiling dl_crc.c...
compiling dl_aes.c...
compiling dl_dac12.c...
compiling dl_common.c...
compiling dl_aesadv.c...
compiling dl_lcd.c...
compiling dl_adc12.c...
compiling dl_keystorectl.c...
compiling dl_crcp.c...
compiling dl_dma.c...
compiling dl_i2c.c...
compiling dl_flashctl.c...
compiling dl_lfss.c...
compiling dl_mathacl.c...
compiling dl_opa.c...
compiling dl_rtc_common.c...
compiling dl_mcan.c...
compiling dl_interrupt.c...
compiling dl_trng.c...
compiling dl_vref.c...
compiling dl_spi.c...
compiling dl_uart.c...
compiling dl_sysctl_mspm0g1x0x_g3x0x.c...
compiling dl_timer.c...
compiling main.c...
compiling drv_uart.c...
compiling ti_msp_dl_config.c...
compiling drv_timer.c...
compiling drv_car.c...
compiling drv_led.c...
compiling drv_key.c...
compiling pid.c...
compiling drv_flash.c...
compiling drv_adc.c...
compiling drv_sensor.c...
compiling drv_oled.c...
compiling system.c...
compiling drv_gpio.c...
compiling Smooth_Filter.c...
compiling drv_mpu6050.c...
compiling inv_mpu_dmp_motion_driver.c...
compiling gui.c...
compiling Task1.c...
compiling Task2.c...
compiling Task5.c...
compiling kalman.c...
compiling Task3.c...
compiling inv_mpu.c...
compiling IMU.c...
linking...
Program Size: Code=41312 RO-data=6120 RW-data=384 ZI-data=1928  
FromELF: creating hex file...
".\Objects\ncontroller.axf" - 0 Error(s), 0 Warning(s).

<h2>Software Packages used:</h2>

Package Vendor: TexasInstruments
                https://software-dl.ti.com/msp430/esd/MSPM0-CMSIS/MSPM0G1X0X_G3X0X/latest/exports/TexasInstruments.MSPM0G1X0X_G3X0X_DFP.1.3.0.pack
                TexasInstruments.MSPM0G1X0X_G3X0X_DFP.1.3.0
                Device Family Pack for Texas Instruments MSPM0G1X0X_G3X0X Series

<h2>Collection of Component include folders:</h2>

<h2>Collection of Component Files used:</h2>
Build Time Elapsed:  00:00:03
</pre>
</body>
</html>
