Component: ARM Compiler 6.15 Tool: armlink [5dd79300]

==============================================================================

Section Cross References

    dl_adc12.o(.text.DL_ADC12_setClockConfig) refers to dl_adc12.o(.text.DL_Common_updateReg) for DL_Common_updateReg
    dl_adc12.o(.ARM.exidx.text.DL_ADC12_setClockConfig) refers to dl_adc12.o(.text.DL_ADC12_setClockConfig) for [Anonymous Symbol]
    dl_adc12.o(.ARM.exidx.text.DL_Common_updateReg) refers to dl_adc12.o(.text.DL_Common_updateReg) for [Anonymous Symbol]
    dl_adc12.o(.ARM.exidx.text.DL_ADC12_getClockConfig) refers to dl_adc12.o(.text.DL_ADC12_getClockConfig) for [Anonymous Symbol]
    dl_aes.o(.text.DL_AES_setKey) refers to dl_aes.o(.text.DL_AES_checkAlignmentAndReturnPointer) for DL_AES_checkAlignmentAndReturnPointer
    dl_aes.o(.text.DL_AES_setKey) refers to dl_aes.o(.text.DL_AES_setKeyAligned) for DL_AES_setKeyAligned
    dl_aes.o(.ARM.exidx.text.DL_AES_setKey) refers to dl_aes.o(.text.DL_AES_setKey) for [Anonymous Symbol]
    dl_aes.o(.ARM.exidx.text.DL_AES_checkAlignmentAndReturnPointer) refers to dl_aes.o(.text.DL_AES_checkAlignmentAndReturnPointer) for [Anonymous Symbol]
    dl_aes.o(.text.DL_AES_setKeyAligned) refers to dl_aes.o(.text.DL_AES_loadDataWord) for DL_AES_loadDataWord
    dl_aes.o(.ARM.exidx.text.DL_AES_setKeyAligned) refers to dl_aes.o(.text.DL_AES_setKeyAligned) for [Anonymous Symbol]
    dl_aes.o(.ARM.exidx.text.DL_AES_loadDataWord) refers to dl_aes.o(.text.DL_AES_loadDataWord) for [Anonymous Symbol]
    dl_aes.o(.text.DL_AES_loadDataIn) refers to dl_aes.o(.text.DL_AES_checkAlignmentAndReturnPointer) for DL_AES_checkAlignmentAndReturnPointer
    dl_aes.o(.text.DL_AES_loadDataIn) refers to dl_aes.o(.text.DL_AES_loadDataInAligned) for DL_AES_loadDataInAligned
    dl_aes.o(.ARM.exidx.text.DL_AES_loadDataIn) refers to dl_aes.o(.text.DL_AES_loadDataIn) for [Anonymous Symbol]
    dl_aes.o(.text.DL_AES_loadDataInAligned) refers to dl_aes.o(.text.DL_AES_loadDataWord) for DL_AES_loadDataWord
    dl_aes.o(.ARM.exidx.text.DL_AES_loadDataInAligned) refers to dl_aes.o(.text.DL_AES_loadDataInAligned) for [Anonymous Symbol]
    dl_aes.o(.text.DL_AES_getDataOut) refers to dl_aes.o(.text.DL_AES_getDataOutAligned) for DL_AES_getDataOutAligned
    dl_aes.o(.ARM.exidx.text.DL_AES_getDataOut) refers to dl_aes.o(.text.DL_AES_getDataOut) for [Anonymous Symbol]
    dl_aes.o(.ARM.exidx.text.DL_AES_getDataOutAligned) refers to dl_aes.o(.text.DL_AES_getDataOutAligned) for [Anonymous Symbol]
    dl_aes.o(.text.DL_AES_loadXORDataIn) refers to dl_aes.o(.text.DL_AES_checkAlignmentAndReturnPointer) for DL_AES_checkAlignmentAndReturnPointer
    dl_aes.o(.text.DL_AES_loadXORDataIn) refers to dl_aes.o(.text.DL_AES_loadXORDataInAligned) for DL_AES_loadXORDataInAligned
    dl_aes.o(.ARM.exidx.text.DL_AES_loadXORDataIn) refers to dl_aes.o(.text.DL_AES_loadXORDataIn) for [Anonymous Symbol]
    dl_aes.o(.text.DL_AES_loadXORDataInAligned) refers to dl_aes.o(.text.DL_AES_loadDataWord) for DL_AES_loadDataWord
    dl_aes.o(.ARM.exidx.text.DL_AES_loadXORDataInAligned) refers to dl_aes.o(.text.DL_AES_loadXORDataInAligned) for [Anonymous Symbol]
    dl_aes.o(.text.DL_AES_loadXORDataInWithoutTrigger) refers to dl_aes.o(.text.DL_AES_checkAlignmentAndReturnPointer) for DL_AES_checkAlignmentAndReturnPointer
    dl_aes.o(.text.DL_AES_loadXORDataInWithoutTrigger) refers to dl_aes.o(.text.DL_AES_loadXORDataInWithoutTriggerAligned) for DL_AES_loadXORDataInWithoutTriggerAligned
    dl_aes.o(.ARM.exidx.text.DL_AES_loadXORDataInWithoutTrigger) refers to dl_aes.o(.text.DL_AES_loadXORDataInWithoutTrigger) for [Anonymous Symbol]
    dl_aes.o(.text.DL_AES_loadXORDataInWithoutTriggerAligned) refers to dl_aes.o(.text.DL_AES_loadDataWord) for DL_AES_loadDataWord
    dl_aes.o(.ARM.exidx.text.DL_AES_loadXORDataInWithoutTriggerAligned) refers to dl_aes.o(.text.DL_AES_loadXORDataInWithoutTriggerAligned) for [Anonymous Symbol]
    dl_aes.o(.text.DL_AES_xorData) refers to dl_aes.o(.text.DL_AES_xorDataAligned) for DL_AES_xorDataAligned
    dl_aes.o(.ARM.exidx.text.DL_AES_xorData) refers to dl_aes.o(.text.DL_AES_xorData) for [Anonymous Symbol]
    dl_aes.o(.ARM.exidx.text.DL_AES_xorDataAligned) refers to dl_aes.o(.text.DL_AES_xorDataAligned) for [Anonymous Symbol]
    dl_aes.o(.ARM.exidx.text.DL_AES_saveConfiguration) refers to dl_aes.o(.text.DL_AES_saveConfiguration) for [Anonymous Symbol]
    dl_aes.o(.ARM.exidx.text.DL_AES_restoreConfiguration) refers to dl_aes.o(.text.DL_AES_restoreConfiguration) for [Anonymous Symbol]
    dl_common.o(.ARM.exidx.text.DL_Common_delayCycles) refers to dl_common.o(.text.DL_Common_delayCycles) for [Anonymous Symbol]
    dl_crc.o(.text.DL_CRC_calculateBlock32) refers to dl_crc.o(.text.DL_CRC_setSeed32) for DL_CRC_setSeed32
    dl_crc.o(.text.DL_CRC_calculateBlock32) refers to dl_crc.o(.text.DL_CRC_feedData32) for DL_CRC_feedData32
    dl_crc.o(.text.DL_CRC_calculateBlock32) refers to dl_crc.o(.text.DL_CRC_getResult32) for DL_CRC_getResult32
[...]
    __rt_final_cpp                           0x000000d1   Thumb Code     0  entry10a.o(.ARM.Collect$$$$0000000D)
    __rt_final_exit                          0x000000d1   Thumb Code     0  entry11a.o(.ARM.Collect$$$$0000000F)
    Reset_Handler                            0x000000d5   Thumb Code     4  startup_mspm0g350x_uvision.o(.text)
    NMI_Handler                              0x000000d9   Thumb Code     2  startup_mspm0g350x_uvision.o(.text)
    HardFault_Handler                        0x000000db   Thumb Code     2  startup_mspm0g350x_uvision.o(.text)
    SVC_Handler                              0x000000dd   Thumb Code     2  startup_mspm0g350x_uvision.o(.text)
    PendSV_Handler                           0x000000df   Thumb Code     2  startup_mspm0g350x_uvision.o(.text)
    ADC1_IRQHandler                          0x000000e3   Thumb Code     0  startup_mspm0g350x_uvision.o(.text)
    AES_IRQHandler                           0x000000e3   Thumb Code     0  startup_mspm0g350x_uvision.o(.text)
    CANFD0_IRQHandler                        0x000000e3   Thumb Code     0  startup_mspm0g350x_uvision.o(.text)
    DAC0_IRQHandler                          0x000000e3   Thumb Code     0  startup_mspm0g350x_uvision.o(.text)
    DMA_IRQHandler                           0x000000e3   Thumb Code     0  startup_mspm0g350x_uvision.o(.text)
    Default_Handler                          0x000000e3   Thumb Code     2  startup_mspm0g350x_uvision.o(.text)
    GROUP0_IRQHandler                        0x000000e3   Thumb Code     0  startup_mspm0g350x_uvision.o(.text)
    I2C0_IRQHandler                          0x000000e3   Thumb Code     0  startup_mspm0g350x_uvision.o(.text)
    I2C1_IRQHandler                          0x000000e3   Thumb Code     0  startup_mspm0g350x_uvision.o(.text)
    RTC_IRQHandler                           0x000000e3   Thumb Code     0  startup_mspm0g350x_uvision.o(.text)
    SPI0_IRQHandler                          0x000000e3   Thumb Code     0  startup_mspm0g350x_uvision.o(.text)
    SPI1_IRQHandler                          0x000000e3   Thumb Code     0  startup_mspm0g350x_uvision.o(.text)
    TIMA0_IRQHandler                         0x000000e3   Thumb Code     0  startup_mspm0g350x_uvision.o(.text)
    TIMA1_IRQHandler                         0x000000e3   Thumb Code     0  startup_mspm0g350x_uvision.o(.text)
    TIMG6_IRQHandler                         0x000000e3   Thumb Code     0  startup_mspm0g350x_uvision.o(.text)
    TIMG7_IRQHandler                         0x000000e3   Thumb Code     0  startup_mspm0g350x_uvision.o(.text)
    TIMG8_IRQHandler                         0x000000e3   Thumb Code     0  startup_mspm0g350x_uvision.o(.text)
    UART2_IRQHandler                         0x000000e3   Thumb Code     0  startup_mspm0g350x_uvision.o(.text)
    UART3_IRQHandler                         0x000000e3   Thumb Code     0  startup_mspm0g350x_uvision.o(.text)
    __aeabi_ldivmod                          0x000000e9   Thumb Code    76  ldiv.o(.text)
    __aeabi_lmul                             0x00000135   Thumb Code    48  llmul.o(.text)
    _ll_mul                                  0x00000135   Thumb Code     0  llmul.o(.text)
    labs                                     0x00000165   Thumb Code     8  slabs.o(.text)
    memcmp                                   0x0000016d   Thumb Code    26  memcmp.o(.text)
    __aeabi_fadd                             0x00000187   Thumb Code   162  fadd.o(.text)
    __aeabi_fsub                             0x00000229   Thumb Code     8  fadd.o(.text)
    __aeabi_frsub                            0x00000231   Thumb Code     8  fadd.o(.text)
    __aeabi_fmul                             0x00000239   Thumb Code   122  fmul.o(.text)
    __aeabi_fdiv                             0x000002b3   Thumb Code   124  fdiv.o(.text)
    __aeabi_dadd                             0x00000331   Thumb Code   328  dadd.o(.text)
    __aeabi_dsub                             0x00000479   Thumb Code    12  dadd.o(.text)
    __aeabi_drsub                            0x00000485   Thumb Code    12  dadd.o(.text)
    __aeabi_dmul                             0x00000495   Thumb Code   202  dmul.o(.text)
    __aeabi_ddiv                             0x00000565   Thumb Code   234  ddiv.o(.text)
    __aeabi_fcmple                           0x00000655   Thumb Code    28  fcmple.o(.text)
    __aeabi_fcmplt                           0x00000671   Thumb Code    28  fcmplt.o(.text)
    __aeabi_fcmpge                           0x0000068d   Thumb Code    28  fcmpge.o(.text)
    __aeabi_fcmpgt                           0x000006a9   Thumb Code    28  fcmpgt.o(.text)
    __aeabi_fcmpeq                           0x000006c5   Thumb Code    28  fcmpeq.o(.text)
    __aeabi_dcmpge                           0x000006e1   Thumb Code    44  dcmpge.o(.text)
    __aeabi_i2f                              0x0000070d   Thumb Code    22  fflti.o(.text)
    __aeabi_ui2f                             0x00000723   Thumb Code    14  ffltui.o(.text)
    __aeabi_i2d                              0x00000731   Thumb Code    34  dflti.o(.text)
    __aeabi_f2iz                             0x00000759   Thumb Code    50  ffixi.o(.text)
    __aeabi_f2uiz                            0x0000078b   Thumb Code    40  ffixui.o(.text)
    __aeabi_d2iz                             0x000007b5   Thumb Code    62  dfixi.o(.text)
    __aeabi_f2d                              0x000007fd   Thumb Code    40  f2d.o(.text)
    __aeabi_d2f                              0x00000825   Thumb Code    56  d2f.o(.text)
    __aeabi_uidiv                            0x0000085d   Thumb Code     0  uidiv_div0.o(.text)
    __aeabi_uidivmod                         0x0000085d   Thumb Code    62  uidiv_div0.o(.text)
    __aeabi_idiv                             0x0000089d   Thumb Code     0  idiv_div0.o(.text)
    __aeabi_idivmod$div0                     0x0000089d   Thumb Code    74  idiv_div0.o(.text)
    __aeabi_uldivmod                         0x000008ed   Thumb Code    96  uldiv.o(.text)
    __aeabi_llsl                             0x0000094d   Thumb Code    32  llshl.o(.text)
    _ll_shift_l                              0x0000094d   Thumb Code     0  llshl.o(.text)
    __aeabi_llsr                             0x0000096d   Thumb Code    34  llushr.o(.text)
    _ll_ushift_r                             0x0000096d   Thumb Code     0  llushr.o(.text)
    __aeabi_lasr                             0x0000098f   Thumb Code    38  llsshr.o(.text)
    _ll_sshift_r                             0x0000098f   Thumb Code     0  llsshr.o(.text)
    __I$use$fp                               0x000009b5   Thumb Code     0  iusefp.o(.text)
    _float_round                             0x000009b5   Thumb Code    16  fepilogue.o(.text)
    _float_epilogue                          0x000009c5   Thumb Code   114  fepilogue.o(.text)
    _double_round                            0x00000a37   Thumb Code    26  depilogue.o(.text)
    _double_epilogue                         0x00000a51   Thumb Code   164  depilogue.o(.text)
    __aeabi_d2ulz                            0x00000af5   Thumb Code    54  dfixul.o(.text)
    __aeabi_cdcmpeq                          0x00000b35   Thumb Code     0  cdcmple.o(.text)
    __aeabi_cdcmple                          0x00000b35   Thumb Code    38  cdcmple.o(.text)
    __aeabi_cdrcmple                         0x00000b5d   Thumb Code    38  cdrcmple.o(.text)
    __scatterload                            0x00000b89   Thumb Code    28  init.o(.text)
    __scatterload_rt2                        0x00000b89   Thumb Code     0  init.o(.text)
    __ARM_scalbn                             0x00000bad   Thumb Code    44  dscalb.o(.text)
    scalbn                                   0x00000bad   Thumb Code     0  dscalb.o(.text)
    __decompress                             0x00000bd9   Thumb Code     0  __dczerorl2.o(.text)
    __decompress1                            0x00000bd9   Thumb Code    86  __dczerorl2.o(.text)
    ADC0_IRQHandler                          0x00000c31   Thumb Code    32  drv_adc.o(.text.ADC0_IRQHandler)
    Car_control                              0x00000c51   Thumb Code    36  drv_car.o(.text.Car_control)
    Car_control_task                         0x00000c75   Thumb Code   572  drv_car.o(.text.Car_control_task)
    DL_ADC12_setClockConfig                  0x00000fcd   Thumb Code    76  dl_adc12.o(.text.DL_ADC12_setClockConfig)
    DL_Common_delayCycles                    0x0000109d   Thumb Code    20  dl_common.o(.text.DL_Common_delayCycles)
    DL_SPI_init                              0x00001505   Thumb Code    84  dl_spi.o(.text.DL_SPI_init)
    DL_SPI_setClockConfig                    0x00001591   Thumb Code    36  dl_spi.o(.text.DL_SPI_setClockConfig)
    DL_SYSCTL_configSYSPLL                   0x000015f1   Thumb Code   232  dl_sysctl_mspm0g1x0x_g3x0x.o(.text.DL_SYSCTL_configSYSPLL)
    DL_SYSCTL_switchMCLKfromSYSOSCtoHSCLK    0x000017c5   Thumb Code    76  dl_sysctl_mspm0g1x0x_g3x0x.o(.text.DL_SYSCTL_switchMCLKfromSYSOSCtoHSCLK)
    DL_TimerA_initPWMMode                    0x00001811   Thumb Code   240  dl_timer.o(.text.DL_TimerA_initPWMMode)
    DL_Timer_initPWMMode                     0x0000195d   Thumb Code   280  dl_timer.o(.text.DL_Timer_initPWMMode)
    DL_Timer_initTimerMode                   0x00001a75   Thumb Code   148  dl_timer.o(.text.DL_Timer_initTimerMode)
    DL_Timer_setCaptCompUpdateMethod         0x00001b2d   Thumb Code    52  dl_timer.o(.text.DL_Timer_setCaptCompUpdateMethod)
    DL_Timer_setCaptureCompareAction         0x00001b61   Thumb Code    56  dl_timer.o(.text.DL_Timer_setCaptureCompareAction)
    DL_Timer_setCaptureCompareCtl            0x00001b99   Thumb Code    64  dl_timer.o(.text.DL_Timer_setCaptureCompareCtl)
    DL_Timer_setCaptureCompareInput          0x00001bd9   Thumb Code    56  dl_timer.o(.text.DL_Timer_setCaptureCompareInput)
    DL_Timer_setCaptureCompareOutCtl         0x00001c11   Thumb Code    60  dl_timer.o(.text.DL_Timer_setCaptureCompareOutCtl)
    DL_Timer_setCaptureCompareValue          0x00001c4d   Thumb Code    44  dl_timer.o(.text.DL_Timer_setCaptureCompareValue)
    DL_Timer_setClockConfig                  0x00001c79   Thumb Code    44  dl_timer.o(.text.DL_Timer_setClockConfig)
    DL_UART_init                             0x00001d91   Thumb Code    84  dl_uart.o(.text.DL_UART_init)
    DL_UART_setClockConfig                   0x00001e81   Thumb Code    36  dl_uart.o(.text.DL_UART_setClockConfig)
    DL_UART_transmitDataBlocking             0x00001f31   Thumb Code    42  dl_uart.o(.text.DL_UART_transmitDataBlocking)
    Delay_1ms                                0x00001f5b   Thumb Code    18  drv_oled.o(.text.Delay_1ms)
    Func_Menu                                0x00001f6d   Thumb Code   696  gui.o(.text.Func_Menu)
    GROUP1_IRQHandler                        0x00002225   Thumb Code    28  main.o(.text.GROUP1_IRQHandler)
    I2C_WaitAck                              0x00002241   Thumb Code   196  drv_mpu6050.o(.text.I2C_WaitAck)
    IICMPU_Start                             0x00002305   Thumb Code    92  drv_mpu6050.o(.text.IICMPU_Start)
    IICMPU_Stop                              0x00002361   Thumb Code    84  drv_mpu6050.o(.text.IICMPU_Stop)
    IIC_Send_Ack                             0x000023b5   Thumb Code   132  drv_mpu6050.o(.text.IIC_Send_Ack)
    IIC_Start                                0x00002439   Thumb Code    60  drv_oled.o(.text.IIC_Start)
    IIC_Stop                                 0x00002475   Thumb Code    48  drv_oled.o(.text.IIC_Stop)
    IIC_Wait_Ack                             0x000024a5   Thumb Code    40  drv_oled.o(.text.IIC_Wait_Ack)
    IMU_Init                                 0x000024cd   Thumb Code   208  imu.o(.text.IMU_Init)
    IMU_get_yaw                              0x0000259d   Thumb Code   220  imu.o(.text.IMU_get_yaw)
    Init_PID                                 0x00002679   Thumb Code    78  pid.o(.text.Init_PID)
    KEY_Scan                                 0x000026c9   Thumb Code   372  drv_key.o(.text.KEY_Scan)
    KalmanCreate                             0x0000283d   Thumb Code    62  kalman.o(.text.KalmanCreate)
    KalmanFilter                             0x0000287b   Thumb Code   188  kalman.o(.text.KalmanFilter)
    LED_RGB                                  0x00002939   Thumb Code    80  drv_led.o(.text.LED_RGB)
    MPU6050_ReadData                         0x00002989   Thumb Code   226  drv_mpu6050.o(.text.MPU6050_ReadData)
    MPU6050_WriteReg                         0x00002a6b   Thumb Code   192  drv_mpu6050.o(.text.MPU6050_WriteReg)
    MPU_Child                                0x00002b2d   Thumb Code   136  gui.o(.text.MPU_Child)
    Main_UI                                  0x00002bb5   Thumb Code   184  gui.o(.text.Main_UI)
    Motor_Child                              0x00002c6d   Thumb Code   824  gui.o(.text.Motor_Child)
    OLED_Clear                               0x00002fa5   Thumb Code   108  drv_oled.o(.text.OLED_Clear)
    OLED_Init                                0x00003011   Thumb Code   264  drv_oled.o(.text.OLED_Init)
    OLED_Lock                                0x00003119   Thumb Code    38  gui.o(.text.OLED_Lock)
    OLED_Pow                                 0x0000313f   Thumb Code    54  drv_oled.o(.text.OLED_Pow)
    OLED_Set_Pos                             0x00003175   Thumb Code    70  drv_oled.o(.text.OLED_Set_Pos)
    OLED_ShowChar                            0x000031bd   Thumb Code   432  drv_oled.o(.text.OLED_ShowChar)
    OLED_ShowII                              0x0000336d   Thumb Code   312  drv_oled.o(.text.OLED_ShowII)
    OLED_ShowNum                             0x000034a5   Thumb Code   268  drv_oled.o(.text.OLED_ShowNum)
    OLED_ShowNum2                            0x000035b1   Thumb Code   286  drv_oled.o(.text.OLED_ShowNum2)
    OLED_ShowString                          0x000036cf   Thumb Code   168  drv_oled.o(.text.OLED_ShowString)
    OLED_WR_Byte                             0x00003777   Thumb Code    40  drv_oled.o(.text.OLED_WR_Byte)
    PID_Calc                                 0x000037a1   Thumb Code   824  pid.o(.text.PID_Calc)
    PID_Clear                                0x00003ad9   Thumb Code    58  pid.o(.text.PID_Clear)
    Read_Byte                                0x00003b15   Thumb Code   156  drv_mpu6050.o(.text.Read_Byte)
    SYSCFG_DL_ADC12_0_init                   0x00003bb1   Thumb Code   112  ti_msp_dl_config.o(.text.SYSCFG_DL_ADC12_0_init)
    SYSCFG_DL_GPIO_init                      0x00003c21   Thumb Code   484  ti_msp_dl_config.o(.text.SYSCFG_DL_GPIO_init)
    SYSCFG_DL_ICM_SPI_0_init                 0x00003e05   Thumb Code    60  ti_msp_dl_config.o(.text.SYSCFG_DL_ICM_SPI_0_init)
    SYSCFG_DL_PWM_0_init                     0x00003e41   Thumb Code   132  ti_msp_dl_config.o(.text.SYSCFG_DL_PWM_0_init)
    SYSCFG_DL_SYSCTL_init                    0x00003ec5   Thumb Code    72  ti_msp_dl_config.o(.text.SYSCFG_DL_SYSCTL_init)
    SYSCFG_DL_SYSTICK_init                   0x00003f0d   Thumb Code    16  ti_msp_dl_config.o(.text.SYSCFG_DL_SYSTICK_init)
    SYSCFG_DL_TIMER_0_init                   0x00003f1d   Thumb Code    56  ti_msp_dl_config.o(.text.SYSCFG_DL_TIMER_0_init)
    SYSCFG_DL_TIMER_12_init                  0x00003f55   Thumb Code    64  ti_msp_dl_config.o(.text.SYSCFG_DL_TIMER_12_init)
    SYSCFG_DL_UART_0_init                    0x00003f95   Thumb Code    84  ti_msp_dl_config.o(.text.SYSCFG_DL_UART_0_init)
    SYSCFG_DL_UART_1_init                    0x00003fe9   Thumb Code   104  ti_msp_dl_config.o(.text.SYSCFG_DL_UART_1_init)
    SYSCFG_DL_init                           0x00004051   Thumb Code    72  ti_msp_dl_config.o(.text.SYSCFG_DL_init)
    SYSCFG_DL_initPower                      0x00004099   Thumb Code   168  ti_msp_dl_config.o(.text.SYSCFG_DL_initPower)
    Send_Byte                                0x00004141   Thumb Code   164  drv_mpu6050.o(.text.Send_Byte)
    Sensor_GetState                          0x000041e5   Thumb Code   196  drv_sensor.o(.text.Sensor_GetState)
    SysTick_Handler                          0x000042fd   Thumb Code    16  system.o(.text.SysTick_Handler)
    TIMG0_IRQHandler                         0x0000430d   Thumb Code    64  main.o(.text.TIMG0_IRQHandler)
    TIMG12_IRQHandler                        0x0000434d   Thumb Code    40  main.o(.text.TIMG12_IRQHandler)
    Task1_Init                               0x00004375   Thumb Code    24  task1.o(.text.Task1_Init)
    Task1_Loop                               0x0000438d   Thumb Code   140  task1.o(.text.Task1_Loop)
    Task2_Init                               0x00004419   Thumb Code    40  task2.o(.text.Task2_Init)
    Task2_Loop                               0x00004441   Thumb Code   604  task2.o(.text.Task2_Loop)
    Task3_Init                               0x0000469d   Thumb Code    16  task3.o(.text.Task3_Init)
    Task3_Loop                               0x000046ad   Thumb Code   676  task3.o(.text.Task3_Loop)
    Task4_Init                               0x00004951   Thumb Code    16  task5.o(.text.Task4_Init)
    Task4_Loop                               0x00004961   Thumb Code   724  task5.o(.text.Task4_Loop)
    Task_1_Child                             0x00004c35   Thumb Code   476  gui.o(.text.Task_1_Child)
    Task_2_Child                             0x00004e11   Thumb Code   764  gui.o(.text.Task_2_Child)
    Task_3_Child                             0x0000510d   Thumb Code   268  gui.o(.text.Task_3_Child)
    Task_4_Child                             0x00005219   Thumb Code   276  gui.o(.text.Task_4_Child)
    UART0_IRQHandler                         0x0000532d   Thumb Code    24  main.o(.text.UART0_IRQHandler)
    UART1_IRQHandler                         0x00005345   Thumb Code    24  main.o(.text.UART1_IRQHandler)
    USART0_Receive_ISR                       0x0000535d   Thumb Code    92  drv_uart.o(.text.USART0_Receive_ISR)
    USART1_Receive_ISR                       0x000053b9   Thumb Code    92  drv_uart.o(.text.USART1_Receive_ISR)
    Write_IIC_Byte                           0x00005415   Thumb Code   160  drv_oled.o(.text.Write_IIC_Byte)
    Write_IIC_Command                        0x000054b5   Thumb Code    58  drv_oled.o(.text.Write_IIC_Command)
    Write_IIC_Data                           0x000054ef   Thumb Code    58  drv_oled.o(.text.Write_IIC_Data)
    _delay_ms                                0x00005681   Thumb Code    44  main.o(.text._delay_ms)
    _delay_us                                0x000056ad   Thumb Code    38  main.o(.text._delay_us)
    buzzer_setup                             0x000057b1   Thumb Code    52  drv_gpio.o(.text.buzzer_setup)
    check_get                                0x000057e5   Thumb Code    72  task2.o(.text.check_get)
    dmp_enable_6x_lp_quat                    0x000058c5   Thumb Code    72  inv_mpu_dmp_motion_driver.o(.text.dmp_enable_6x_lp_quat)
    dmp_enable_feature                       0x0000590d   Thumb Code   704  inv_mpu_dmp_motion_driver.o(.text.dmp_enable_feature)
    dmp_enable_gyro_cal                      0x00005bcd   Thumb Code   112  inv_mpu_dmp_motion_driver.o(.text.dmp_enable_gyro_cal)
    dmp_enable_lp_quat                       0x00005c3d   Thumb Code    72  inv_mpu_dmp_motion_driver.o(.text.dmp_enable_lp_quat)
    dmp_get_yaw                              0x00005c85   Thumb Code   336  inv_mpu.o(.text.dmp_get_yaw)
    dmp_load_motion_driver_firmware          0x00005dd5   Thumb Code    28  inv_mpu_dmp_motion_driver.o(.text.dmp_load_motion_driver_firmware)
    dmp_read_fifo                            0x00005df1   Thumb Code   496  inv_mpu_dmp_motion_driver.o(.text.dmp_read_fifo)
    dmp_set_accel_bias                       0x00005fe1   Thumb Code   260  inv_mpu_dmp_motion_driver.o(.text.dmp_set_accel_bias)
    dmp_set_fifo_rate                        0x000060e5   Thumb Code   160  inv_mpu_dmp_motion_driver.o(.text.dmp_set_fifo_rate)
    dmp_set_gyro_bias                        0x00006185   Thumb Code   312  inv_mpu_dmp_motion_driver.o(.text.dmp_set_gyro_bias)
    dmp_set_orientation                      0x000062bd   Thumb Code   384  inv_mpu_dmp_motion_driver.o(.text.dmp_set_orientation)
    dmp_set_shake_reject_thresh              0x0000643d   Thumb Code    76  inv_mpu_dmp_motion_driver.o(.text.dmp_set_shake_reject_thresh)
    dmp_set_shake_reject_time                0x00006489   Thumb Code    52  inv_mpu_dmp_motion_driver.o(.text.dmp_set_shake_reject_time)
    dmp_set_shake_reject_timeout             0x000064bd   Thumb Code    52  inv_mpu_dmp_motion_driver.o(.text.dmp_set_shake_reject_timeout)
    dmp_set_tap_axes                         0x000064f1   Thumb Code   102  inv_mpu_dmp_motion_driver.o(.text.dmp_set_tap_axes)
    dmp_set_tap_count                        0x00006557   Thumb Code    74  inv_mpu_dmp_motion_driver.o(.text.dmp_set_tap_count)
    dmp_set_tap_thresh                       0x000065a1   Thumb Code   524  inv_mpu_dmp_motion_driver.o(.text.dmp_set_tap_thresh)
    dmp_set_tap_time                         0x000067ad   Thumb Code    56  inv_mpu_dmp_motion_driver.o(.text.dmp_set_tap_time)
    dmp_set_tap_time_multi                   0x000067e5   Thumb Code    56  inv_mpu_dmp_motion_driver.o(.text.dmp_set_tap_time_multi)
    drv_adc_init                             0x0000681d   Thumb Code    10  drv_adc.o(.text.drv_adc_init)
    drv_car_init                             0x00006829   Thumb Code    80  drv_car.o(.text.drv_car_init)
    drv_gpio_init                            0x00006879   Thumb Code    68  drv_gpio.o(.text.drv_gpio_init)
    drv_timerg0_init                         0x000068bd   Thumb Code    20  drv_timer.o(.text.drv_timerg0_init)
    drv_timerg12_init                        0x000068d1   Thumb Code    20  drv_timer.o(.text.drv_timerg12_init)
    drv_uart0_init                           0x000068e5   Thumb Code    22  drv_uart.o(.text.drv_uart0_init)
    drv_uart1_init                           0x000068fb   Thumb Code    22  drv_uart.o(.text.drv_uart1_init)
    flash_init                               0x00006911   Thumb Code    64  drv_flash.o(.text.flash_init)
    flash_read16                             0x00006951   Thumb Code    70  drv_flash.o(.text.flash_read16)
    flash_read32                             0x00006997   Thumb Code    70  drv_flash.o(.text.flash_read32)
    flash_read8                              0x000069dd   Thumb Code    68  drv_flash.o(.text.flash_read8)
    fputc                                    0x00006a21   Thumb Code    28  drv_uart.o(.text.fputc)
    get_ADC_value                            0x00006a3d   Thumb Code   148  drv_adc.o(.text.get_ADC_value)
    get_systime                              0x00007111   Thumb Code    76  system.o(.text.get_systime)
    gray_check                               0x0000715d   Thumb Code   424  drv_sensor.o(.text.gray_check)
    gui_init                                 0x00007305   Thumb Code    14  gui.o(.text.gui_init)
    gui_refresh                              0x00007315   Thumb Code   200  gui.o(.text.gui_refresh)
    inv_orientation_matrix_to_scalar         0x0000751d   Thumb Code    60  inv_mpu.o(.text.inv_orientation_matrix_to_scalar)
    inv_row_2_scale                          0x00007559   Thumb Code   150  inv_mpu.o(.text.inv_row_2_scale)
    laser_light_work                         0x000075ef   Thumb Code   184  drv_gpio.o(.text.laser_light_work)
    led_setup                                0x000076a9   Thumb Code    52  drv_gpio.o(.text.led_setup)
    main                                     0x000076dd   Thumb Code   128  main.o(.text.main)
    mget_ms                                  0x0000775d   Thumb Code     8  inv_mpu.o(.text.mget_ms)
    micros                                   0x00007765   Thumb Code    64  system.o(.text.micros)
    motor_dir                                0x000077a5   Thumb Code   228  drv_car.o(.text.motor_dir)
    mpu_configure_fifo                       0x00007889   Thumb Code   188  inv_mpu.o(.text.mpu_configure_fifo)
    mpu_dmp_init                             0x00007945   Thumb Code   288  inv_mpu.o(.text.mpu_dmp_init)
    mpu_get_accel_fsr                        0x00007a65   Thumb Code   100  inv_mpu.o(.text.mpu_get_accel_fsr)
    mpu_get_accel_sens                       0x00007ac9   Thumb Code   112  inv_mpu.o(.text.mpu_get_accel_sens)
    mpu_get_fifo_config                      0x00007b39   Thumb Code    20  inv_mpu.o(.text.mpu_get_fifo_config)
    mpu_get_gyro_fsr                         0x00007b4d   Thumb Code    80  inv_mpu.o(.text.mpu_get_gyro_fsr)
    mpu_get_gyro_sens                        0x00007b9d   Thumb Code    96  inv_mpu.o(.text.mpu_get_gyro_sens)
    mpu_get_lpf                              0x00007bfd   Thumb Code   100  inv_mpu.o(.text.mpu_get_lpf)
    mpu_get_sample_rate                      0x00007c61   Thumb Code    52  inv_mpu.o(.text.mpu_get_sample_rate)
    mpu_init                                 0x00007c95   Thumb Code   556  inv_mpu.o(.text.mpu_init)
    mpu_load_firmware                        0x00007ec1   Thumb Code   312  inv_mpu.o(.text.mpu_load_firmware)
    mpu_lp_accel_mode                        0x00007ff9   Thumb Code   292  inv_mpu.o(.text.mpu_lp_accel_mode)
    mpu_read_fifo_stream                     0x0000811d   Thumb Code   284  inv_mpu.o(.text.mpu_read_fifo_stream)
    mpu_read_mem                             0x00008239   Thumb Code   188  inv_mpu.o(.text.mpu_read_mem)
    mpu_reset_fifo                           0x000082f5   Thumb Code   632  inv_mpu.o(.text.mpu_reset_fifo)
    mpu_run_self_test                        0x0000856d   Thumb Code   404  inv_mpu.o(.text.mpu_run_self_test)
    mpu_set_accel_fsr                        0x00008701   Thumb Code   196  inv_mpu.o(.text.mpu_set_accel_fsr)
    mpu_set_bypass                           0x000087c5   Thumb Code   456  inv_mpu.o(.text.mpu_set_bypass)
    mpu_set_dmp_state                        0x0000898d   Thumb Code   220  inv_mpu.o(.text.mpu_set_dmp_state)
    mpu_set_gyro_fsr                         0x00008a69   Thumb Code   204  inv_mpu.o(.text.mpu_set_gyro_fsr)
    mpu_set_int_latched                      0x00008b35   Thumb Code   164  inv_mpu.o(.text.mpu_set_int_latched)
    mpu_set_lpf                              0x00008bd9   Thumb Code   216  inv_mpu.o(.text.mpu_set_lpf)
    mpu_set_sample_rate                      0x00008cb1   Thumb Code   252  inv_mpu.o(.text.mpu_set_sample_rate)
    mpu_set_sensors                          0x00008dad   Thumb Code   320  inv_mpu.o(.text.mpu_set_sensors)
    mpu_write_mem                            0x00008eed   Thumb Code   188  inv_mpu.o(.text.mpu_write_mem)
    oled_pow                                 0x00008fa9   Thumb Code    54  drv_oled.o(.text.oled_pow)
    pwm_set_compare                          0x00008fe1   Thumb Code   428  drv_car.o(.text.pwm_set_compare)
    run_self_test                            0x0000918d   Thumb Code   164  inv_mpu.o(.text.run_self_test)
    uart0_printf                             0x00009315   Thumb Code    52  drv_uart.o(.text.uart0_printf)
    update_encoder_cnt                       0x00009349   Thumb Code   140  drv_car.o(.text.update_encoder_cnt)
    usart0_send_bytes                        0x000093d5   Thumb Code    44  drv_uart.o(.text.usart0_send_bytes)
    __0printf                                0x00009401   Thumb Code    24  printfa.o(i.__0printf)
    __1printf                                0x00009401   Thumb Code     0  printfa.o(i.__0printf)
    __2printf                                0x00009401   Thumb Code     0  printfa.o(i.__0printf)
    __c89printf                              0x00009401   Thumb Code     0  printfa.o(i.__0printf)
    printf                                   0x00009401   Thumb Code     0  printfa.o(i.__0printf)
    __0vsprintf                              0x00009421   Thumb Code    30  printfa.o(i.__0vsprintf)
    __1vsprintf                              0x00009421   Thumb Code     0  printfa.o(i.__0vsprintf)
    __2vsprintf                              0x00009421   Thumb Code     0  printfa.o(i.__0vsprintf)
    __c89vsprintf                            0x00009421   Thumb Code     0  printfa.o(i.__0vsprintf)
    vsprintf                                 0x00009421   Thumb Code     0  printfa.o(i.__0vsprintf)
    __ARM_clz                                0x00009445   Thumb Code    46  depilogue.o(i.__ARM_clz)
    __ARM_fpclassify                         0x00009475   Thumb Code    40  fpclassify.o(i.__ARM_fpclassify)
    __kernel_poly                            0x000094a1   Thumb Code   172  poly.o(i.__kernel_poly)
    __mathlib_dbl_infnan                     0x0000954d   Thumb Code    10  dunder.o(i.__mathlib_dbl_infnan)
    __mathlib_dbl_infnan2                    0x00009557   Thumb Code     8  dunder.o(i.__mathlib_dbl_infnan2)
    __mathlib_dbl_underflow                  0x00009561   Thumb Code    14  dunder.o(i.__mathlib_dbl_underflow)
    __scatterload_copy                       0x00009579   Thumb Code    14  handlers.o(i.__scatterload_copy)
    __scatterload_null                       0x00009589   Thumb Code     2  handlers.o(i.__scatterload_null)
    __scatterload_zeroinit                   0x00009591   Thumb Code    14  handlers.o(i.__scatterload_zeroinit)
    __set_errno                              0x000095a1   Thumb Code     6  errno.o(i.__set_errno)
    atan                                     0x00009e65   Thumb Code   472  atan.o(i.atan)
    atan2                                    0x0000a081   Thumb Code   372  atan2.o(i.atan2)
    __mathlib_zero                           0x0000a2b8   Data           8  qnan.o(.constdata)
    F6x8                                     0x0000a2c0   Data         552  drv_oled.o(.rodata.F6x8)
    F8X16                                    0x0000a4e8   Data        1520  drv_oled.o(.rodata.F8X16)
    hw                                       0x0000b760   Data          12  inv_mpu.o(.rodata.hw)
    reg                                      0x0000b76c   Data          27  inv_mpu.o(.rodata.reg)
    test                                     0x0000b900   Data          40  inv_mpu.o(.rodata.test)
    Region$$Table$$Base                      0x0000b928   Number         0  anon$$obj.o(Region$$Table)
    Region$$Table$$Limit                     0x0000b948   Number         0  anon$$obj.o(Region$$Table)
    __stdout                                 0x20200000   Data           4  stdout.o(.data)
    PID_DRIVER_SPEED                         0x2020000c   Data          60  drv_car.o(.data.PID_DRIVER_SPEED)
    TQ                                       0x20200048   Data           4  imu.o(.data.TQ)
    TR                                       0x2020004c   Data           4  imu.o(.data.TR)
    table                                    0x20200090   Data         240  gui.o(.data.table)
    IMU                                      0x20200184   Data          20  imu.o(.bss.IMU)
    adc_v                                    0x202001b2   Data           2  main.o(.bss.adc_v)
    beep                                     0x202001b4   Data          28  drv_gpio.o(.bss.beep)
    car_control                              0x202001d0   Data         176  drv_car.o(.bss.car_control)
    count_task4                              0x20200280   Data           4  task5.o(.bss.count_task4)
    flag_imuready                            0x20200298   Data           4  imu.o(.bss.flag_imuready)
    gCheckADC                                0x2020029c   Data           1  drv_adc.o(.bss.gCheckADC)
    gData16                                  0x2020029e   Data           6  drv_flash.o(.bss.gData16)
    gData32                                  0x202002a4   Data          12  drv_flash.o(.bss.gData32)
    gData8                                   0x202002b0   Data           3  drv_flash.o(.bss.gData8)
    gICM_SPI_0Backup                         0x202002b4   Data          40  ti_msp_dl_config.o(.bss.gICM_SPI_0Backup)
    gPWM_0Backup                             0x202002dc   Data         188  ti_msp_dl_config.o(.bss.gPWM_0Backup)
    gray_state                               0x20200398   Data           2  drv_sensor.o(.bss.gray_state)
    gray_status                              0x2020039a   Data           4  drv_sensor.o(.bss.gray_status)
    gray_status_backup                       0x2020039e   Data          80  drv_sensor.o(.bss.gray_status_backup)
    gray_status_worse                        0x202003f0   Data           4  drv_sensor.o(.bss.gray_status_worse)
    iscomend0                                0x202003f4   Data           1  drv_uart.o(.bss.iscomend0)
    iscomend1                                0x202003f5   Data           1  drv_uart.o(.bss.iscomend1)
    kalman                                   0x202003f8   Data          48  imu.o(.bss.kalman)
    last_yaw                                 0x2020042c   Data           4  task2.o(.bss.last_yaw)
    led                                      0x20200430   Data          28  drv_gpio.o(.bss.led)
    link_check                               0x2020044c   Data           1  drv_sensor.o(.bss.link_check)
    rxbuff0                                  0x20200451   Data          20  drv_uart.o(.bss.rxbuff0)
    rxbuff1                                  0x20200465   Data          20  drv_uart.o(.bss.rxbuff1)
    sensor_val                               0x20200479   Data           6  drv_sensor.o(.bss.sensor_val)
    ss_                                      0x2020048c   Data           4  task2.o(.bss.ss_)
    sysTickUptime                            0x20200490   Data           4  system.o(.bss.sysTickUptime)
    t_g0                                     0x20200494   Data          16  main.o(.bss.t_g0)
    t_g12                                    0x202004a4   Data          16  main.o(.bss.t_g12)
    ui_index                                 0x202004b4   Data           1  gui.o(.bss.ui_index)
    ui_index_last                            0x202004b5   Data           1  gui.o(.bss.ui_index_last)
    vcc                                      0x202004b8   Data           4  main.o(.bss.vcc)
    yaw_init                                 0x202004bc   Data           4  task2.o(.bss.yaw_init)
    yaw_now                                  0x202004c0   Data           4  task2.o(.bss.yaw_now)
    yaw_pid                                  0x202004c4   Data          60  drv_car.o(.bss.yaw_pid)
    yaw_set                                  0x20200500   Data           4  task2.o(.bss.yaw_set)
    __initial_sp                             0x20200908   Data           0  startup_mspm0g350x_uvision.o(STACK)



==============================================================================

Memory Map of the image

  Image Entry point : 0x000000c1

  Load Region LR_IROM1 (Base: 0x00000000, Size: 0x0000bac8, Max: 0x00020000, ABSOLUTE, COMPRESSED[0x0000b9e0])

    Execution Region ER_IROM1 (Exec base: 0x00000000, Load base: 0x00000000, Size: 0x0000b948, Max: 0x00020000, ABSOLUTE)

    Exec Addr    Load Addr    Size         Type   Attr      Idx    E Section Name        Object

    0x00000000   0x00000000   0x000000c0   Data   RO         1371    RESET               startup_mspm0g350x_uvision.o
    0x000000c0   0x000000c0   0x00000000   Code   RO         2123  * .ARM.Collect$$$$00000000  mc_p.l(entry.o)
    0x000000c0   0x000000c0   0x00000004   Code   RO         2232    .ARM.Collect$$$$00000001  mc_p.l(entry2.o)
    0x000000c4   0x000000c4   0x00000004   Code   RO         2235    .ARM.Collect$$$$00000004  mc_p.l(entry5.o)
    0x000000c8   0x000000c8   0x00000000   Code   RO         2237    .ARM.Collect$$$$00000008  mc_p.l(entry7b.o)
    0x000000c8   0x000000c8   0x00000000   Code   RO         2239    .ARM.Collect$$$$0000000A  mc_p.l(entry8b.o)
    0x000000c8   0x000000c8   0x00000008   Code   RO         2240    .ARM.Collect$$$$0000000B  mc_p.l(entry9a.o)
    0x000000d0   0x000000d0   0x00000000   Code   RO         2242    .ARM.Collect$$$$0000000D  mc_p.l(entry10a.o)
    0x000000d0   0x000000d0   0x00000000   Code   RO         2244    .ARM.Collect$$$$0000000F  mc_p.l(entry11a.o)
    0x000000d0   0x000000d0   0x00000004   Code   RO         2233    .ARM.Collect$$$$00002712  mc_p.l(entry2.o)
    0x000000d4   0x000000d4   0x00000014   Code   RO         1372    .text               startup_mspm0g350x_uvision.o
    0x000000e8   0x000000e8   0x0000004c   Code   RO         2132    .text               mc_p.l(ldiv.o)
    0x00000134   0x00000134   0x00000030   Code   RO         2134    .text               mc_p.l(llmul.o)
    0x00000164   0x00000164   0x00000008   Code   RO         2136    .text               mc_p.l(slabs.o)
    0x0000016c   0x0000016c   0x0000001a   Code   RO         2142    .text               mc_p.l(memcmp.o)
    0x00000186   0x00000186   0x000000b2   Code   RO         2172    .text               mf_p.l(fadd.o)
    0x00000238   0x00000238   0x0000007a   Code   RO         2174    .text               mf_p.l(fmul.o)
    0x000002b2   0x000002b2   0x0000007c   Code   RO         2176    .text               mf_p.l(fdiv.o)
    0x0000032e   0x0000032e   0x00000002   PAD
    0x00000330   0x00000330   0x00000164   Code   RO         2178    .text               mf_p.l(dadd.o)
    0x00000494   0x00000494   0x000000d0   Code   RO         2180    .text               mf_p.l(dmul.o)
    0x00000564   0x00000564   0x000000f0   Code   RO         2182    .text               mf_p.l(ddiv.o)
    0x00000654   0x00000654   0x0000001c   Code   RO         2184    .text               mf_p.l(fcmple.o)
    0x00000670   0x00000670   0x0000001c   Code   RO         2186    .text               mf_p.l(fcmplt.o)
    0x0000068c   0x0000068c   0x0000001c   Code   RO         2188    .text               mf_p.l(fcmpge.o)
    0x000006a8   0x000006a8   0x0000001c   Code   RO         2190    .text               mf_p.l(fcmpgt.o)
    0x000006c4   0x000006c4   0x0000001c   Code   RO         2192    .text               mf_p.l(fcmpeq.o)
    0x000006e0   0x000006e0   0x0000002c   Code   RO         2194    .text               mf_p.l(dcmpge.o)
    0x0000070c   0x0000070c   0x00000016   Code   RO         2196    .text               mf_p.l(fflti.o)
    0x00000722   0x00000722   0x0000000e   Code   RO         2198    .text               mf_p.l(ffltui.o)
    0x00000730   0x00000730   0x00000028   Code   RO         2200    .text               mf_p.l(dflti.o)
    0x00000758   0x00000758   0x00000032   Code   RO         2202    .text               mf_p.l(ffixi.o)
    0x0000078a   0x0000078a   0x00000028   Code   RO         2204    .text               mf_p.l(ffixui.o)
    0x000007b2   0x000007b2   0x00000002   PAD
    0x000007b4   0x000007b4   0x00000048   Code   RO         2206    .text               mf_p.l(dfixi.o)
    0x000007fc   0x000007fc   0x00000028   Code   RO         2208    .text               mf_p.l(f2d.o)
    0x00000824   0x00000824   0x00000038   Code   RO         2210    .text               mf_p.l(d2f.o)
    0x0000085c   0x0000085c   0x0000003e   Code   RO         2249    .text               mc_p.l(uidiv_div0.o)
    0x0000089a   0x0000089a   0x00000002   PAD
    0x0000089c   0x0000089c   0x00000050   Code   RO         2251    .text               mc_p.l(idiv_div0.o)
    0x000008ec   0x000008ec   0x00000060   Code   RO         2255    .text               mc_p.l(uldiv.o)
    0x0000094c   0x0000094c   0x00000020   Code   RO         2257    .text               mc_p.l(llshl.o)
    0x0000096c   0x0000096c   0x00000022   Code   RO         2259    .text               mc_p.l(llushr.o)
    0x0000098e   0x0000098e   0x00000026   Code   RO         2261    .text               mc_p.l(llsshr.o)
    0x000009b4   0x000009b4   0x00000000   Code   RO         2270    .text               mc_p.l(iusefp.o)
    0x000009b4   0x000009b4   0x00000082   Code   RO         2271    .text               mf_p.l(fepilogue.o)
    0x00000a36   0x00000a36   0x000000be   Code   RO         2273    .text               mf_p.l(depilogue.o)
    0x00000af4   0x00000af4   0x00000040   Code   RO         2277    .text               mf_p.l(dfixul.o)
    0x00000b34   0x00000b34   0x00000028   Code   RO         2279    .text               mf_p.l(cdcmple.o)
    0x00000b5c   0x00000b5c   0x00000028   Code   RO         2281    .text               mf_p.l(cdrcmple.o)
    0x00000b84   0x00000b84   0x00000004   PAD
    0x00000b88   0x00000b88   0x00000024   Code   RO         2287    .text               mc_p.l(init.o)
    0x00000bac   0x00000bac   0x0000002c   Code   RO         2289    .text               mf_p.l(dscalb.o)
    0x00000bd8   0x00000bd8   0x00000056   Code   RO         2299    .text               mc_p.l(__dczerorl2.o)
    0x00000c2e   0x00000c2e   0x00000002   PAD
    0x00000c30   0x00000c30   0x00000020   Code   RO         1621    .text.ADC0_IRQHandler  drv_adc.o
    0x00000c50   0x00000c50   0x00000024   Code   RO         1457    .text.Car_control   drv_car.o
    0x00000c74   0x00000c74   0x0000023c   Code   RO         1455    .text.Car_control_task  drv_car.o
    0x00000eb0   0x00000eb0   0x00000018   Code   RO         1337    .text.DL_ADC12_clearInterruptStatus  ti_msp_dl_config.o
    0x00000ec8   0x00000ec8   0x00000054   Code   RO         1331    .text.DL_ADC12_configConversionMem  ti_msp_dl_config.o
    0x00000f1c   0x00000f1c   0x00000016   Code   RO         1341    .text.DL_ADC12_enableConversions  ti_msp_dl_config.o
    0x00000f32   0x00000f32   0x00000016   Code   RO         1619    .text.DL_ADC12_enableConversions  drv_adc.o
    0x00000f48   0x00000f48   0x00000018   Code   RO         1339    .text.DL_ADC12_enableInterrupt  ti_msp_dl_config.o
    0x00000f60   0x00000f60   0x00000014   Code   RO         1267    .text.DL_ADC12_enablePower  ti_msp_dl_config.o
    0x00000f74   0x00000f74   0x0000002c   Code   RO         1617    .text.DL_ADC12_getMemResult  drv_adc.o
    0x00000fa0   0x00000fa0   0x00000012   Code   RO         1623    .text.DL_ADC12_getPendingInterrupt  drv_adc.o
    0x00000fb2   0x00000fb2   0x00000002   PAD
    0x00000fb4   0x00000fb4   0x00000018   Code   RO         1257    .text.DL_ADC12_reset  ti_msp_dl_config.o
    0x00000fcc   0x00000fcc   0x0000004c   Code   RO            2    .text.DL_ADC12_setClockConfig  dl_adc12.o
    0x00001018   0x00001018   0x0000001e   Code   RO         1333    .text.DL_ADC12_setPowerDownMode  ti_msp_dl_config.o
    0x00001036   0x00001036   0x00000002   PAD
    0x00001038   0x00001038   0x0000001c   Code   RO         1335    .text.DL_ADC12_setSampleTime0  ti_msp_dl_config.o
    0x00001054   0x00001054   0x0000001c   Code   RO         1615    .text.DL_ADC12_startConversion  drv_adc.o
    0x00001070   0x00001070   0x0000001c   Code   RO         1138    .text.DL_CORE_configInstruction  dl_sysctl_mspm0g1x0x_g3x0x.o
    0x0000108c   0x0000108c   0x00000010   Code   RO         1136    .text.DL_CORE_getInstructionConfig  dl_sysctl_mspm0g1x0x_g3x0x.o
    0x0000109c   0x0000109c   0x00000014   Code   RO           55    .text.DL_Common_delayCycles  dl_common.o
    0x000010b0   0x000010b0   0x00000028   Code   RO            4    .text.DL_Common_updateReg  dl_adc12.o
    0x000010d8   0x000010d8   0x00000028   Code   RO          851    .text.DL_Common_updateReg  dl_spi.o
    0x00001100   0x00001100   0x00000028   Code   RO          944    .text.DL_Common_updateReg  dl_timer.o
    0x00001128   0x00001128   0x00000028   Code   RO         1050    .text.DL_Common_updateReg  dl_uart.o
    0x00001150   0x00001150   0x00000028   Code   RO         1134    .text.DL_Common_updateReg  dl_sysctl_mspm0g1x0x_g3x0x.o
    0x00001178   0x00001178   0x00000028   Code   RO         1345    .text.DL_Common_updateReg  ti_msp_dl_config.o
    0x000011a0   0x000011a0   0x00000018   Code   RO         1289    .text.DL_GPIO_clearInterruptStatus  ti_msp_dl_config.o
    0x000011b8   0x000011b8   0x0000001c   Code   RO         1447    .text.DL_GPIO_clearInterruptStatus  drv_car.o
    0x000011d4   0x000011d4   0x00000014   Code   RO         1283    .text.DL_GPIO_clearPins  ti_msp_dl_config.o
    0x000011e8   0x000011e8   0x00000014   Code   RO         1451    .text.DL_GPIO_clearPins  drv_car.o
    0x000011fc   0x000011fc   0x00000014   Code   RO         1487    .text.DL_GPIO_clearPins  drv_led.o
    0x00001210   0x00001210   0x00000014   Code   RO         1517    .text.DL_GPIO_clearPins  drv_oled.o
    0x00001224   0x00001224   0x00000014   Code   RO         1691    .text.DL_GPIO_clearPins  drv_gpio.o
    0x00001238   0x00001238   0x00000014   Code   RO         1714    .text.DL_GPIO_clearPins  drv_mpu6050.o
    0x0000124c   0x0000124c   0x0000001c   Code   RO         1291    .text.DL_GPIO_enableInterrupt  ti_msp_dl_config.o
    0x00001268   0x00001268   0x00000014   Code   RO         1271    .text.DL_GPIO_enableOutput  ti_msp_dl_config.o
    0x0000127c   0x0000127c   0x00000018   Code   RO         1712    .text.DL_GPIO_enableOutput  drv_mpu6050.o
    0x00001294   0x00001294   0x00000018   Code   RO         1259    .text.DL_GPIO_enablePower  ti_msp_dl_config.o
    0x000012ac   0x000012ac   0x00000018   Code   RO         1443    .text.DL_GPIO_getEnabledInterruptStatus  drv_car.o
    0x000012c4   0x000012c4   0x00000014   Code   RO         1277    .text.DL_GPIO_initDigitalInput  ti_msp_dl_config.o
    0x000012d8   0x000012d8   0x00000014   Code   RO         1722    .text.DL_GPIO_initDigitalInput  drv_mpu6050.o
    0x000012ec   0x000012ec   0x00000030   Code   RO         1281    .text.DL_GPIO_initDigitalInputFeatures  ti_msp_dl_config.o
    0x0000131c   0x0000131c   0x00000014   Code   RO         1279    .text.DL_GPIO_initDigitalOutput  ti_msp_dl_config.o
    0x00001330   0x00001330   0x00000014   Code   RO         1708    .text.DL_GPIO_initDigitalOutput  drv_mpu6050.o
    0x00001344   0x00001344   0x0000002c   Code   RO         1275    .text.DL_GPIO_initDigitalOutputFeatures  ti_msp_dl_config.o
    0x00001370   0x00001370   0x0000001c   Code   RO         1273    .text.DL_GPIO_initPeripheralInputFunction  ti_msp_dl_config.o
    0x0000138c   0x0000138c   0x0000001c   Code   RO         1269    .text.DL_GPIO_initPeripheralOutputFunction  ti_msp_dl_config.o
    0x000013a8   0x000013a8   0x00000016   Code   RO         1445    .text.DL_GPIO_readPins  drv_car.o
    0x000013be   0x000013be   0x00000016   Code   RO         1502    .text.DL_GPIO_readPins  drv_key.o
    0x000013d4   0x000013d4   0x00000016   Code   RO         1635    .text.DL_GPIO_readPins  drv_sensor.o
    0x000013ea   0x000013ea   0x00000016   Code   RO         1724    .text.DL_GPIO_readPins  drv_mpu6050.o
    0x00001400   0x00001400   0x00000010   Code   RO         1249    .text.DL_GPIO_reset  ti_msp_dl_config.o
    0x00001410   0x00001410   0x00000014   Code   RO         1285    .text.DL_GPIO_setPins  ti_msp_dl_config.o
    0x00001424   0x00001424   0x00000014   Code   RO         1453    .text.DL_GPIO_setPins  drv_car.o
    0x00001438   0x00001438   0x00000014   Code   RO         1489    .text.DL_GPIO_setPins  drv_led.o
    0x0000144c   0x0000144c   0x00000014   Code   RO         1515    .text.DL_GPIO_setPins  drv_oled.o
    0x00001460   0x00001460   0x00000014   Code   RO         1689    .text.DL_GPIO_setPins  drv_gpio.o
    0x00001474   0x00001474   0x00000018   Code   RO         1710    .text.DL_GPIO_setPins  drv_mpu6050.o
    0x0000148c   0x0000148c   0x00000018   Code   RO         1287    .text.DL_GPIO_setUpperPinsPolarity  ti_msp_dl_config.o
    0x000014a4   0x000014a4   0x00000018   Code   RO         1491    .text.DL_GPIO_togglePins  drv_led.o
    0x000014bc   0x000014bc   0x0000001c   Code   RO         1205    .text.DL_Interrupt_getPendingGroup  main.o
    0x000014d8   0x000014d8   0x00000014   Code   RO         1329    .text.DL_SPI_enable  ti_msp_dl_config.o
    0x000014ec   0x000014ec   0x00000018   Code   RO         1265    .text.DL_SPI_enablePower  ti_msp_dl_config.o
    0x00001504   0x00001504   0x00000054   Code   RO          849    .text.DL_SPI_init   dl_spi.o
    0x00001558   0x00001558   0x00000018   Code   RO         1255    .text.DL_SPI_reset  ti_msp_dl_config.o
    0x00001570   0x00001570   0x00000020   Code   RO         1325    .text.DL_SPI_setBitRateSerialClockDivider  ti_msp_dl_config.o
    0x00001590   0x00001590   0x00000024   Code   RO          853    .text.DL_SPI_setClockConfig  dl_spi.o
    0x000015b4   0x000015b4   0x0000003c   Code   RO         1327    .text.DL_SPI_setFIFOThreshold  ti_msp_dl_config.o
    0x000015f0   0x000015f0   0x000000e8   Code   RO         1128    .text.DL_SYSCTL_configSYSPLL  dl_sysctl_mspm0g1x0x_g3x0x.o
    0x000016d8   0x000016d8   0x00000014   Code   RO         1130    .text.DL_SYSCTL_disableSYSPLL  dl_sysctl_mspm0g1x0x_g3x0x.o
    0x000016ec   0x000016ec   0x0000000c   Code   RO         1132    .text.DL_SYSCTL_getClockStatus  dl_sysctl_mspm0g1x0x_g3x0x.o
    0x000016f8   0x000016f8   0x00000018   Code   RO         1293    .text.DL_SYSCTL_setBORThreshold  ti_msp_dl_config.o
    0x00001710   0x00001710   0x00000024   Code   RO         1295    .text.DL_SYSCTL_setFlashWaitState  ti_msp_dl_config.o
    0x00001734   0x00001734   0x0000002c   Code   RO         1301    .text.DL_SYSCTL_setHFCLKDividerForMFPCLK  ti_msp_dl_config.o
    0x00001760   0x00001760   0x00000018   Code   RO         1150    .text.DL_SYSCTL_setHSCLKSource  dl_sysctl_mspm0g1x0x_g3x0x.o
    0x00001778   0x00001778   0x00000028   Code   RO         1297    .text.DL_SYSCTL_setSYSOSCFreq  ti_msp_dl_config.o
    0x000017a0   0x000017a0   0x00000024   Code   RO         1299    .text.DL_SYSCTL_setULPCLKDivider  ti_msp_dl_config.o
    0x000017c4   0x000017c4   0x0000004c   Code   RO         1148    .text.DL_SYSCTL_switchMCLKfromSYSOSCtoHSCLK  dl_sysctl_mspm0g1x0x_g3x0x.o
    0x00001810   0x00001810   0x000000f0   Code   RO         1012    .text.DL_TimerA_initPWMMode  dl_timer.o
    0x00001900   0x00001900   0x00000014   Code   RO         1305    .text.DL_Timer_enableClock  ti_msp_dl_config.o
    0x00001914   0x00001914   0x0000001c   Code   RO         1309    .text.DL_Timer_enableInterrupt  ti_msp_dl_config.o
    0x00001930   0x00001930   0x00000018   Code   RO         1261    .text.DL_Timer_enablePower  ti_msp_dl_config.o
    0x00001948   0x00001948   0x00000012   Code   RO         1193    .text.DL_Timer_getPendingInterrupt  main.o
    0x0000195a   0x0000195a   0x00000002   PAD
    0x0000195c   0x0000195c   0x00000118   Code   RO          956    .text.DL_Timer_initPWMMode  dl_timer.o
    0x00001a74   0x00001a74   0x00000094   Code   RO          926    .text.DL_Timer_initTimerMode  dl_timer.o
    0x00001b08   0x00001b08   0x00000010   Code   RO         1251    .text.DL_Timer_reset  ti_msp_dl_config.o
    0x00001b18   0x00001b18   0x00000014   Code   RO         1307    .text.DL_Timer_setCCPDirection  ti_msp_dl_config.o
    0x00001b2c   0x00001b2c   0x00000034   Code   RO          986    .text.DL_Timer_setCaptCompUpdateMethod  dl_timer.o
    0x00001b60   0x00001b60   0x00000038   Code   RO          958    .text.DL_Timer_setCaptureCompareAction  dl_timer.o
    0x00001b98   0x00001b98   0x00000040   Code   RO          934    .text.DL_Timer_setCaptureCompareCtl  dl_timer.o
    0x00001bd8   0x00001bd8   0x00000038   Code   RO          940    .text.DL_Timer_setCaptureCompareInput  dl_timer.o
    0x00001c10   0x00001c10   0x0000003c   Code   RO          960    .text.DL_Timer_setCaptureCompareOutCtl  dl_timer.o
    0x00001c4c   0x00001c4c   0x0000002c   Code   RO          932    .text.DL_Timer_setCaptureCompareValue  dl_timer.o
    0x00001c78   0x00001c78   0x0000002c   Code   RO          922    .text.DL_Timer_setClockConfig  dl_timer.o
    0x00001ca4   0x00001ca4   0x0000001c   Code   RO          930    .text.DL_Timer_setCounterValueAfterEnable  dl_timer.o
    0x00001cc0   0x00001cc0   0x00000018   Code   RO          928    .text.DL_Timer_setLoadValue  dl_timer.o
    0x00001cd8   0x00001cd8   0x00000014   Code   RO         1422    .text.DL_Timer_startCounter  drv_timer.o
    0x00001cec   0x00001cec   0x00000018   Code   RO         1435    .text.DL_Timer_startCounter  drv_car.o
    0x00001d04   0x00001d04   0x00000016   Code   RO         1048    .text.DL_UART_disable  dl_uart.o
    0x00001d1a   0x00001d1a   0x00000016   Code   RO         1317    .text.DL_UART_enable  ti_msp_dl_config.o
    0x00001d30   0x00001d30   0x00000018   Code   RO         1319    .text.DL_UART_enableFIFOs  ti_msp_dl_config.o
    0x00001d48   0x00001d48   0x0000001c   Code   RO         1315    .text.DL_UART_enableInterrupt  ti_msp_dl_config.o
    0x00001d64   0x00001d64   0x00000018   Code   RO         1263    .text.DL_UART_enablePower  ti_msp_dl_config.o
    0x00001d7c   0x00001d7c   0x00000012   Code   RO         1199    .text.DL_UART_getPendingInterrupt  main.o
    0x00001d8e   0x00001d8e   0x00000002   PAD
    0x00001d90   0x00001d90   0x00000054   Code   RO         1046    .text.DL_UART_init  dl_uart.o
    0x00001de4   0x00001de4   0x00000018   Code   RO         1074    .text.DL_UART_isTXFIFOFull  dl_uart.o
    0x00001dfc   0x00001dfc   0x00000014   Code   RO         1395    .text.DL_UART_receiveData  drv_uart.o
    0x00001e10   0x00001e10   0x00000018   Code   RO         1253    .text.DL_UART_reset  ti_msp_dl_config.o
    0x00001e28   0x00001e28   0x00000058   Code   RO         1313    .text.DL_UART_setBaudRateDivisor  ti_msp_dl_config.o
    0x00001e80   0x00001e80   0x00000024   Code   RO         1052    .text.DL_UART_setClockConfig  dl_uart.o
    0x00001ea4   0x00001ea4   0x0000001e   Code   RO         1311    .text.DL_UART_setOversampling  ti_msp_dl_config.o
    0x00001ec2   0x00001ec2   0x00000002   PAD
    0x00001ec4   0x00001ec4   0x00000028   Code   RO         1321    .text.DL_UART_setRXFIFOThreshold  ti_msp_dl_config.o
    0x00001eec   0x00001eec   0x0000002c   Code   RO         1323    .text.DL_UART_setTXFIFOThreshold  ti_msp_dl_config.o
    0x00001f18   0x00001f18   0x00000018   Code   RO         1076    .text.DL_UART_transmitData  dl_uart.o
    0x00001f30   0x00001f30   0x0000002a   Code   RO         1072    .text.DL_UART_transmitDataBlocking  dl_uart.o
    0x00001f5a   0x00001f5a   0x00000012   Code   RO         1533    .text.Delay_1ms     drv_oled.o
    0x00001f6c   0x00001f6c   0x000002b8   Code   RO         1955    .text.Func_Menu     gui.o
    0x00002224   0x00002224   0x0000001c   Code   RO         1203    .text.GROUP1_IRQHandler  main.o
    0x00002240   0x00002240   0x000000c4   Code   RO         1720    .text.I2C_WaitAck   drv_mpu6050.o
    0x00002304   0x00002304   0x0000005c   Code   RO         1706    .text.IICMPU_Start  drv_mpu6050.o
    0x00002360   0x00002360   0x00000054   Code   RO         1716    .text.IICMPU_Stop   drv_mpu6050.o
    0x000023b4   0x000023b4   0x00000084   Code   RO         1718    .text.IIC_Send_Ack  drv_mpu6050.o
    0x00002438   0x00002438   0x0000003c   Code   RO         1513    .text.IIC_Start     drv_oled.o
    0x00002474   0x00002474   0x00000030   Code   RO         1519    .text.IIC_Stop      drv_oled.o
    0x000024a4   0x000024a4   0x00000028   Code   RO         1521    .text.IIC_Wait_Ack  drv_oled.o
    0x000024cc   0x000024cc   0x000000d0   Code   RO         2073    .text.IMU_Init      imu.o
    0x0000259c   0x0000259c   0x000000dc   Code   RO         2075    .text.IMU_get_yaw   imu.o
    0x00002678   0x00002678   0x0000004e   Code   RO         1472    .text.Init_PID      pid.o
    0x000026c6   0x000026c6   0x00000002   PAD
    0x000026c8   0x000026c8   0x00000174   Code   RO         1500    .text.KEY_Scan      drv_key.o
    0x0000283c   0x0000283c   0x0000003e   Code   RO         2109    .text.KalmanCreate  kalman.o
    0x0000287a   0x0000287a   0x000000bc   Code   RO         2111    .text.KalmanFilter  kalman.o
    0x00002936   0x00002936   0x00000002   PAD
    0x00002938   0x00002938   0x00000050   Code   RO         1485    .text.LED_RGB       drv_led.o
    0x00002988   0x00002988   0x000000e2   Code   RO         1732    .text.MPU6050_ReadData  drv_mpu6050.o
    0x00002a6a   0x00002a6a   0x000000c0   Code   RO         1730    .text.MPU6050_WriteReg  drv_mpu6050.o
    0x00002b2a   0x00002b2a   0x00000002   PAD
    0x00002b2c   0x00002b2c   0x00000088   Code   RO         1959    .text.MPU_Child     gui.o
    0x00002bb4   0x00002bb4   0x000000b8   Code   RO         1953    .text.Main_UI       gui.o
    0x00002c6c   0x00002c6c   0x00000338   Code   RO         1957    .text.Motor_Child   gui.o
    0x00002fa4   0x00002fa4   0x0000006c   Code   RO         1541    .text.OLED_Clear    drv_oled.o
    0x00003010   0x00003010   0x00000108   Code   RO         1563    .text.OLED_Init     drv_oled.o
    0x00003118   0x00003118   0x00000026   Code   RO         1969    .text.OLED_Lock     gui.o
    0x0000313e   0x0000313e   0x00000036   Code   RO         1551    .text.OLED_Pow      drv_oled.o
    0x00003174   0x00003174   0x00000046   Code   RO         1535    .text.OLED_Set_Pos  drv_oled.o
    0x000031ba   0x000031ba   0x00000002   PAD
    0x000031bc   0x000031bc   0x000001b0   Code   RO         1545    .text.OLED_ShowChar  drv_oled.o
    0x0000336c   0x0000336c   0x00000138   Code   RO         1557    .text.OLED_ShowII   drv_oled.o
    0x000034a4   0x000034a4   0x0000010c   Code   RO         1549    .text.OLED_ShowNum  drv_oled.o
    0x000035b0   0x000035b0   0x0000011e   Code   RO         1553    .text.OLED_ShowNum2  drv_oled.o
    0x000036ce   0x000036ce   0x000000a8   Code   RO         1559    .text.OLED_ShowString  drv_oled.o
    0x00003776   0x00003776   0x00000028   Code   RO         1529    .text.OLED_WR_Byte  drv_oled.o
    0x0000379e   0x0000379e   0x00000002   PAD
    0x000037a0   0x000037a0   0x00000338   Code   RO         1476    .text.PID_Calc      pid.o
    0x00003ad8   0x00003ad8   0x0000003a   Code   RO         1474    .text.PID_Clear     pid.o
    0x00003b12   0x00003b12   0x00000002   PAD
    0x00003b14   0x00003b14   0x0000009c   Code   RO         1728    .text.Read_Byte     drv_mpu6050.o
    0x00003bb0   0x00003bb0   0x00000070   Code   RO         1241    .text.SYSCFG_DL_ADC12_0_init  ti_msp_dl_config.o
    0x00003c20   0x00003c20   0x000001e4   Code   RO         1225    .text.SYSCFG_DL_GPIO_init  ti_msp_dl_config.o
    0x00003e04   0x00003e04   0x0000003c   Code   RO         1239    .text.SYSCFG_DL_ICM_SPI_0_init  ti_msp_dl_config.o
    0x00003e40   0x00003e40   0x00000084   Code   RO         1229    .text.SYSCFG_DL_PWM_0_init  ti_msp_dl_config.o
    0x00003ec4   0x00003ec4   0x00000048   Code   RO         1227    .text.SYSCFG_DL_SYSCTL_init  ti_msp_dl_config.o
    0x00003f0c   0x00003f0c   0x00000010   Code   RO         1243    .text.SYSCFG_DL_SYSTICK_init  ti_msp_dl_config.o
    0x00003f1c   0x00003f1c   0x00000038   Code   RO         1231    .text.SYSCFG_DL_TIMER_0_init  ti_msp_dl_config.o
    0x00003f54   0x00003f54   0x00000040   Code   RO         1233    .text.SYSCFG_DL_TIMER_12_init  ti_msp_dl_config.o
    0x00003f94   0x00003f94   0x00000054   Code   RO         1235    .text.SYSCFG_DL_UART_0_init  ti_msp_dl_config.o
    0x00003fe8   0x00003fe8   0x00000068   Code   RO         1237    .text.SYSCFG_DL_UART_1_init  ti_msp_dl_config.o
    0x00004050   0x00004050   0x00000048   Code   RO         1221    .text.SYSCFG_DL_init  ti_msp_dl_config.o
    0x00004098   0x00004098   0x000000a8   Code   RO         1223    .text.SYSCFG_DL_initPower  ti_msp_dl_config.o
    0x00004140   0x00004140   0x000000a4   Code   RO         1726    .text.Send_Byte     drv_mpu6050.o
    0x000041e4   0x000041e4   0x000000c4   Code   RO         1633    .text.Sensor_GetState  drv_sensor.o
    0x000042a8   0x000042a8   0x00000054   Code   RO         1343    .text.SysTick_Config  ti_msp_dl_config.o
    0x000042fc   0x000042fc   0x00000010   Code   RO         1653    .text.SysTick_Handler  system.o
    0x0000430c   0x0000430c   0x00000040   Code   RO         1191    .text.TIMG0_IRQHandler  main.o
    0x0000434c   0x0000434c   0x00000028   Code   RO         1195    .text.TIMG12_IRQHandler  main.o
    0x00004374   0x00004374   0x00000018   Code   RO         2002    .text.Task1_Init    task1.o
    0x0000438c   0x0000438c   0x0000008c   Code   RO         2004    .text.Task1_Loop    task1.o
    0x00004418   0x00004418   0x00000028   Code   RO         2015    .text.Task2_Init    task2.o
    0x00004440   0x00004440   0x0000025c   Code   RO         2017    .text.Task2_Loop    task2.o
    0x0000469c   0x0000469c   0x00000010   Code   RO         2044    .text.Task3_Init    task3.o
    0x000046ac   0x000046ac   0x000002a4   Code   RO         2046    .text.Task3_Loop    task3.o
    0x00004950   0x00004950   0x00000010   Code   RO         2058    .text.Task4_Init    task5.o
    0x00004960   0x00004960   0x000002d4   Code   RO         2060    .text.Task4_Loop    task5.o
    0x00004c34   0x00004c34   0x000001dc   Code   RO         1961    .text.Task_1_Child  gui.o
    0x00004e10   0x00004e10   0x000002fc   Code   RO         1963    .text.Task_2_Child  gui.o
    0x0000510c   0x0000510c   0x0000010c   Code   RO         1965    .text.Task_3_Child  gui.o
    0x00005218   0x00005218   0x00000114   Code   RO         1967    .text.Task_4_Child  gui.o
    0x0000532c   0x0000532c   0x00000018   Code   RO         1197    .text.UART0_IRQHandler  main.o
    0x00005344   0x00005344   0x00000018   Code   RO         1201    .text.UART1_IRQHandler  main.o
    0x0000535c   0x0000535c   0x0000005c   Code   RO         1393    .text.USART0_Receive_ISR  drv_uart.o
    0x000053b8   0x000053b8   0x0000005c   Code   RO         1403    .text.USART1_Receive_ISR  drv_uart.o
    0x00005414   0x00005414   0x000000a0   Code   RO         1523    .text.Write_IIC_Byte  drv_oled.o
    0x000054b4   0x000054b4   0x0000003a   Code   RO         1525    .text.Write_IIC_Command  drv_oled.o
    0x000054ee   0x000054ee   0x0000003a   Code   RO         1527    .text.Write_IIC_Data  drv_oled.o
    0x00005528   0x00005528   0x0000002c   Code   RO         1385    .text.__NVIC_ClearPendingIRQ  drv_uart.o
    0x00005554   0x00005554   0x00000028   Code   RO         1387    .text.__NVIC_EnableIRQ  drv_uart.o
    0x0000557c   0x0000557c   0x00000028   Code   RO         1420    .text.__NVIC_EnableIRQ  drv_timer.o
    0x000055a4   0x000055a4   0x00000028   Code   RO         1437    .text.__NVIC_EnableIRQ  drv_car.o
    0x000055cc   0x000055cc   0x0000002c   Code   RO         1611    .text.__NVIC_EnableIRQ  drv_adc.o
    0x000055f8   0x000055f8   0x00000088   Code   RO         1303    .text.__NVIC_SetPriority  ti_msp_dl_config.o
    0x00005680   0x00005680   0x0000002c   Code   RO         1187    .text._delay_ms     main.o
    0x000056ac   0x000056ac   0x00000026   Code   RO         1185    .text._delay_us     main.o
    0x000056d2   0x000056d2   0x00000002   PAD
    0x000056d4   0x000056d4   0x000000dc   Code   RO         1832    .text.accel_self_test  inv_mpu.o
    0x000057b0   0x000057b0   0x00000034   Code   RO         1693    .text.buzzer_setup  drv_gpio.o
    0x000057e4   0x000057e4   0x00000048   Code   RO         2019    .text.check_get     task2.o
    0x0000582c   0x0000582c   0x00000098   Code   RO         1929    .text.decode_gesture  inv_mpu_dmp_motion_driver.o
    0x000058c4   0x000058c4   0x00000048   Code   RO         1921    .text.dmp_enable_6x_lp_quat  inv_mpu_dmp_motion_driver.o
    0x0000590c   0x0000590c   0x000002c0   Code   RO         1915    .text.dmp_enable_feature  inv_mpu_dmp_motion_driver.o
    0x00005bcc   0x00005bcc   0x00000070   Code   RO         1917    .text.dmp_enable_gyro_cal  inv_mpu_dmp_motion_driver.o
    0x00005c3c   0x00005c3c   0x00000048   Code   RO         1919    .text.dmp_enable_lp_quat  inv_mpu_dmp_motion_driver.o
    0x00005c84   0x00005c84   0x00000150   Code   RO         1862    .text.dmp_get_yaw   inv_mpu.o
    0x00005dd4   0x00005dd4   0x0000001c   Code   RO         1879    .text.dmp_load_motion_driver_firmware  inv_mpu_dmp_motion_driver.o
    0x00005df0   0x00005df0   0x000001f0   Code   RO         1927    .text.dmp_read_fifo  inv_mpu_dmp_motion_driver.o
    0x00005fe0   0x00005fe0   0x00000104   Code   RO         1885    .text.dmp_set_accel_bias  inv_mpu_dmp_motion_driver.o
    0x000060e4   0x000060e4   0x000000a0   Code   RO         1887    .text.dmp_set_fifo_rate  inv_mpu_dmp_motion_driver.o
    0x00006184   0x00006184   0x00000138   Code   RO         1883    .text.dmp_set_gyro_bias  inv_mpu_dmp_motion_driver.o
    0x000062bc   0x000062bc   0x00000180   Code   RO         1881    .text.dmp_set_orientation  inv_mpu_dmp_motion_driver.o
    0x0000643c   0x0000643c   0x0000004c   Code   RO         1901    .text.dmp_set_shake_reject_thresh  inv_mpu_dmp_motion_driver.o
    0x00006488   0x00006488   0x00000034   Code   RO         1903    .text.dmp_set_shake_reject_time  inv_mpu_dmp_motion_driver.o
    0x000064bc   0x000064bc   0x00000034   Code   RO         1905    .text.dmp_set_shake_reject_timeout  inv_mpu_dmp_motion_driver.o
    0x000064f0   0x000064f0   0x00000066   Code   RO         1893    .text.dmp_set_tap_axes  inv_mpu_dmp_motion_driver.o
    0x00006556   0x00006556   0x0000004a   Code   RO         1895    .text.dmp_set_tap_count  inv_mpu_dmp_motion_driver.o
    0x000065a0   0x000065a0   0x0000020c   Code   RO         1891    .text.dmp_set_tap_thresh  inv_mpu_dmp_motion_driver.o
    0x000067ac   0x000067ac   0x00000038   Code   RO         1897    .text.dmp_set_tap_time  inv_mpu_dmp_motion_driver.o
    0x000067e4   0x000067e4   0x00000038   Code   RO         1899    .text.dmp_set_tap_time_multi  inv_mpu_dmp_motion_driver.o
    0x0000681c   0x0000681c   0x0000000a   Code   RO         1609    .text.drv_adc_init  drv_adc.o
    0x00006826   0x00006826   0x00000002   PAD
    0x00006828   0x00006828   0x00000050   Code   RO         1433    .text.drv_car_init  drv_car.o
    0x00006878   0x00006878   0x00000044   Code   RO         1685    .text.drv_gpio_init  drv_gpio.o
    0x000068bc   0x000068bc   0x00000014   Code   RO         1418    .text.drv_timerg0_init  drv_timer.o
    0x000068d0   0x000068d0   0x00000014   Code   RO         1424    .text.drv_timerg12_init  drv_timer.o
    0x000068e4   0x000068e4   0x00000016   Code   RO         1383    .text.drv_uart0_init  drv_uart.o
    0x000068fa   0x000068fa   0x00000016   Code   RO         1397    .text.drv_uart1_init  drv_uart.o
    0x00006910   0x00006910   0x00000040   Code   RO         1577    .text.flash_init    drv_flash.o
    0x00006950   0x00006950   0x00000046   Code   RO         1581    .text.flash_read16  drv_flash.o
    0x00006996   0x00006996   0x00000046   Code   RO         1583    .text.flash_read32  drv_flash.o
    0x000069dc   0x000069dc   0x00000044   Code   RO         1579    .text.flash_read8   drv_flash.o
    0x00006a20   0x00006a20   0x0000001c   Code   RO         1379    .text.fputc         drv_uart.o
    0x00006a3c   0x00006a3c   0x00000094   Code   RO         1613    .text.get_ADC_value  drv_adc.o
    0x00006ad0   0x00006ad0   0x000000f0   Code   RO         1864    .text.get_accel_prod_shift  inv_mpu.o
    0x00006bc0   0x00006bc0   0x00000550   Code   RO         1830    .text.get_st_biases  inv_mpu.o
    0x00007110   0x00007110   0x0000004c   Code   RO         1671    .text.get_systime   system.o
    0x0000715c   0x0000715c   0x000001a8   Code   RO         1637    .text.gray_check    drv_sensor.o
    0x00007304   0x00007304   0x0000000e   Code   RO         1971    .text.gui_init      gui.o
    0x00007312   0x00007312   0x00000002   PAD
    0x00007314   0x00007314   0x000000c8   Code   RO         1973    .text.gui_refresh   gui.o
    0x000073dc   0x000073dc   0x00000140   Code   RO         1834    .text.gyro_self_test  inv_mpu.o
    0x0000751c   0x0000751c   0x0000003c   Code   RO         1854    .text.inv_orientation_matrix_to_scalar  inv_mpu.o
    0x00007558   0x00007558   0x00000096   Code   RO         1856    .text.inv_row_2_scale  inv_mpu.o
    0x000075ee   0x000075ee   0x000000b8   Code   RO         1687    .text.laser_light_work  drv_gpio.o
    0x000076a6   0x000076a6   0x00000002   PAD
    0x000076a8   0x000076a8   0x00000034   Code   RO         1695    .text.led_setup     drv_gpio.o
    0x000076dc   0x000076dc   0x00000080   Code   RO         1183    .text.main          main.o
    0x0000775c   0x0000775c   0x00000008   Code   RO         1786    .text.mget_ms       inv_mpu.o
    0x00007764   0x00007764   0x00000040   Code   RO         1655    .text.micros        system.o
    0x000077a4   0x000077a4   0x000000e4   Code   RO         1449    .text.motor_dir     drv_car.o
    0x00007888   0x00007888   0x000000bc   Code   RO         1774    .text.mpu_configure_fifo  inv_mpu.o
    0x00007944   0x00007944   0x00000120   Code   RO         1858    .text.mpu_dmp_init  inv_mpu.o
    0x00007a64   0x00007a64   0x00000064   Code   RO         1798    .text.mpu_get_accel_fsr  inv_mpu.o
    0x00007ac8   0x00007ac8   0x00000070   Code   RO         1810    .text.mpu_get_accel_sens  inv_mpu.o
    0x00007b38   0x00007b38   0x00000014   Code   RO         1812    .text.mpu_get_fifo_config  inv_mpu.o
    0x00007b4c   0x00007b4c   0x00000050   Code   RO         1796    .text.mpu_get_gyro_fsr  inv_mpu.o
    0x00007b9c   0x00007b9c   0x00000060   Code   RO         1808    .text.mpu_get_gyro_sens  inv_mpu.o
    0x00007bfc   0x00007bfc   0x00000064   Code   RO         1800    .text.mpu_get_lpf   inv_mpu.o
    0x00007c60   0x00007c60   0x00000034   Code   RO         1802    .text.mpu_get_sample_rate  inv_mpu.o
    0x00007c94   0x00007c94   0x0000022c   Code   RO         1764    .text.mpu_init      inv_mpu.o
    0x00007ec0   0x00007ec0   0x00000138   Code   RO         1840    .text.mpu_load_firmware  inv_mpu.o
    0x00007ff8   0x00007ff8   0x00000124   Code   RO         1780    .text.mpu_lp_accel_mode  inv_mpu.o
    0x0000811c   0x0000811c   0x0000011c   Code   RO         1822    .text.mpu_read_fifo_stream  inv_mpu.o
    0x00008238   0x00008238   0x000000bc   Code   RO         1838    .text.mpu_read_mem  inv_mpu.o
    0x000082f4   0x000082f4   0x00000278   Code   RO         1794    .text.mpu_reset_fifo  inv_mpu.o
    0x0000856c   0x0000856c   0x00000194   Code   RO         1826    .text.mpu_run_self_test  inv_mpu.o
    0x00008700   0x00008700   0x000000c4   Code   RO         1768    .text.mpu_set_accel_fsr  inv_mpu.o
    0x000087c4   0x000087c4   0x000001c8   Code   RO         1776    .text.mpu_set_bypass  inv_mpu.o
    0x0000898c   0x0000898c   0x000000dc   Code   RO         1828    .text.mpu_set_dmp_state  inv_mpu.o
    0x00008a68   0x00008a68   0x000000cc   Code   RO         1766    .text.mpu_set_gyro_fsr  inv_mpu.o
    0x00008b34   0x00008b34   0x000000a4   Code   RO         1782    .text.mpu_set_int_latched  inv_mpu.o
    0x00008bd8   0x00008bd8   0x000000d8   Code   RO         1770    .text.mpu_set_lpf   inv_mpu.o
    0x00008cb0   0x00008cb0   0x000000fc   Code   RO         1772    .text.mpu_set_sample_rate  inv_mpu.o
    0x00008dac   0x00008dac   0x00000140   Code   RO         1778    .text.mpu_set_sensors  inv_mpu.o
    0x00008eec   0x00008eec   0x000000bc   Code   RO         1836    .text.mpu_write_mem  inv_mpu.o
    0x00008fa8   0x00008fa8   0x00000036   Code   RO         1547    .text.oled_pow      drv_oled.o
    0x00008fde   0x00008fde   0x00000002   PAD
    0x00008fe0   0x00008fe0   0x000001ac   Code   RO         1439    .text.pwm_set_compare  drv_car.o
    0x0000918c   0x0000918c   0x000000a4   Code   RO         1852    .text.run_self_test  inv_mpu.o
    0x00009230   0x00009230   0x000000e4   Code   RO         1814    .text.set_int_enable  inv_mpu.o
    0x00009314   0x00009314   0x00000034   Code   RO         1391    .text.uart0_printf  drv_uart.o
    0x00009348   0x00009348   0x0000008c   Code   RO         1441    .text.update_encoder_cnt  drv_car.o
    0x000093d4   0x000093d4   0x0000002c   Code   RO         1389    .text.usart0_send_bytes  drv_uart.o
    0x00009400   0x00009400   0x00000020   Code   RO         2145    i.__0printf         mc_p.l(printfa.o)
    0x00009420   0x00009420   0x00000024   Code   RO         2151    i.__0vsprintf       mc_p.l(printfa.o)
    0x00009444   0x00009444   0x0000002e   Code   RO         2275    i.__ARM_clz         mf_p.l(depilogue.o)
    0x00009472   0x00009472   0x00000002   PAD
    0x00009474   0x00009474   0x0000002c   Code   RO         2283    i.__ARM_fpclassify  m_ps.l(fpclassify.o)
    0x000094a0   0x000094a0   0x000000ac   Code   RO         2285    i.__kernel_poly     m_ps.l(poly.o)
    0x0000954c   0x0000954c   0x0000000a   Code   RO         2218    i.__mathlib_dbl_infnan  m_ps.l(dunder.o)
    0x00009556   0x00009556   0x00000008   Code   RO         2219    i.__mathlib_dbl_infnan2  m_ps.l(dunder.o)
    0x0000955e   0x0000955e   0x00000002   PAD
    0x00009560   0x00009560   0x00000014   Code   RO         2223    i.__mathlib_dbl_underflow  m_ps.l(dunder.o)
    0x00009574   0x00009574   0x00000004   PAD
    0x00009578   0x00009578   0x0000000e   Code   RO         2293    i.__scatterload_copy  mc_p.l(handlers.o)
    0x00009586   0x00009586   0x00000002   PAD
    0x00009588   0x00009588   0x00000002   Code   RO         2294    i.__scatterload_null  mc_p.l(handlers.o)
    0x0000958a   0x0000958a   0x00000006   PAD
    0x00009590   0x00009590   0x0000000e   Code   RO         2295    i.__scatterload_zeroinit  mc_p.l(handlers.o)
    0x0000959e   0x0000959e   0x00000002   PAD
    0x000095a0   0x000095a0   0x0000000c   Code   RO         2265    i.__set_errno       mc_p.l(errno.o)
    0x000095ac   0x000095ac   0x00000174   Code   RO         2152    i._fp_digits        mc_p.l(printfa.o)
    0x00009720   0x00009720   0x000006ec   Code   RO         2153    i._printf_core      mc_p.l(printfa.o)
    0x00009e0c   0x00009e0c   0x00000020   Code   RO         2154    i._printf_post_padding  mc_p.l(printfa.o)
    0x00009e2c   0x00009e2c   0x0000002c   Code   RO         2155    i._printf_pre_padding  mc_p.l(printfa.o)
    0x00009e58   0x00009e58   0x0000000a   Code   RO         2157    i._sputc            mc_p.l(printfa.o)
    0x00009e62   0x00009e62   0x00000002   PAD
    0x00009e64   0x00009e64   0x0000021c   Code   RO         2213    i.atan              m_ps.l(atan.o)
    0x0000a080   0x0000a080   0x0000019c   Code   RO         2120    i.atan2             m_ps.l(atan2.o)
    0x0000a21c   0x0000a21c   0x00000004   PAD
    0x0000a220   0x0000a220   0x00000098   Data   RO         2214    .constdata          m_ps.l(atan.o)
    0x0000a2b8   0x0000a2b8   0x00000008   Data   RO         2231    .constdata          m_ps.l(qnan.o)
    0x0000a2c0   0x0000a2c0   0x00000228   Data   RO         1565    .rodata.F6x8        drv_oled.o
    0x0000a4e8   0x0000a4e8   0x000005f0   Data   RO         1566    .rodata.F8X16       drv_oled.o
    0x0000aad8   0x0000aad8   0x00000bf6   Data   RO         1935    .rodata.dmp_memory  inv_mpu_dmp_motion_driver.o
    0x0000b6ce   0x0000b6ce   0x00000002   PAD
    0x0000b6d0   0x0000b6d0   0x00000008   Data   RO         1362    .rodata.gADC12_0ClockConfig  ti_msp_dl_config.o
    0x0000b6d8   0x0000b6d8   0x00000002   Data   RO         1360    .rodata.gICM_SPI_0_clockConfig  ti_msp_dl_config.o
    0x0000b6da   0x0000b6da   0x0000000a   Data   RO         1361    .rodata.gICM_SPI_0_config  ti_msp_dl_config.o
    0x0000b6e4   0x0000b6e4   0x00000003   Data   RO         1350    .rodata.gPWM_0ClockConfig  ti_msp_dl_config.o
    0x0000b6e7   0x0000b6e7   0x00000001   PAD
    0x0000b6e8   0x0000b6e8   0x00000008   Data   RO         1351    .rodata.gPWM_0Config  ti_msp_dl_config.o
    0x0000b6f0   0x0000b6f0   0x00000028   Data   RO         1349    .rodata.gSYSPLLConfig  ti_msp_dl_config.o
    0x0000b718   0x0000b718   0x00000003   Data   RO         1352    .rodata.gTIMER_0ClockConfig  ti_msp_dl_config.o
    0x0000b71b   0x0000b71b   0x00000001   PAD
    0x0000b71c   0x0000b71c   0x00000014   Data   RO         1353    .rodata.gTIMER_0TimerConfig  ti_msp_dl_config.o
    0x0000b730   0x0000b730   0x00000003   Data   RO         1354    .rodata.gTIMER_12ClockConfig  ti_msp_dl_config.o
    0x0000b733   0x0000b733   0x00000001   PAD
    0x0000b734   0x0000b734   0x00000014   Data   RO         1355    .rodata.gTIMER_12TimerConfig  ti_msp_dl_config.o
    0x0000b748   0x0000b748   0x00000002   Data   RO         1356    .rodata.gUART_0ClockConfig  ti_msp_dl_config.o
    0x0000b74a   0x0000b74a   0x0000000a   Data   RO         1357    .rodata.gUART_0Config  ti_msp_dl_config.o
    0x0000b754   0x0000b754   0x00000002   Data   RO         1358    .rodata.gUART_1ClockConfig  ti_msp_dl_config.o
    0x0000b756   0x0000b756   0x0000000a   Data   RO         1359    .rodata.gUART_1Config  ti_msp_dl_config.o
    0x0000b760   0x0000b760   0x0000000c   Data   RO         1867    .rodata.hw          inv_mpu.o
    0x0000b76c   0x0000b76c   0x0000001b   Data   RO         1866    .rodata.reg         inv_mpu.o
    0x0000b787   0x0000b787   0x00000002   Data   RO         1569    .rodata.str1.1      drv_oled.o
    0x0000b789   0x0000b789   0x00000091   Data   RO         1870    .rodata.str1.1      inv_mpu.o
    0x0000b81a   0x0000b81a   0x000000d4   Data   RO         1980    .rodata.str1.1      gui.o
    0x0000b8ee   0x0000b8ee   0x00000011   Data   RO         2086    .rodata.str1.1      imu.o
    0x0000b8ff   0x0000b8ff   0x00000001   PAD
    0x0000b900   0x0000b900   0x00000028   Data   RO         1868    .rodata.test        inv_mpu.o
    0x0000b928   0x0000b928   0x00000020   Data   RO         2292    Region$$Table       anon$$obj.o


    Execution Region RW_IRAM2 (Exec base: 0x20200000, Load base: 0x0000b948, Size: 0x00000908, Max: 0x00008000, ABSOLUTE, COMPRESSED[0x00000098])

    Exec Addr    Load Addr    Size         Type   Attr      Idx    E Section Name        Object

    0x20200000   COMPRESSED   0x00000004   Data   RW         2246    .data               mc_p.l(stdout.o)
    0x20200004   COMPRESSED   0x00000004   Data   RW         2266    .data               mc_p.l(errno.o)
    0x20200008   COMPRESSED   0x00000001   Data   RW         1504    .data.KEY_Scan.key_up  drv_key.o
    0x20200009   COMPRESSED   0x00000003   PAD
    0x2020000c   COMPRESSED   0x0000003c   Data   RW         1462    .data.PID_DRIVER_SPEED  drv_car.o
    0x20200048   COMPRESSED   0x00000004   Data   RW         2085    .data.TQ            imu.o
    0x2020004c   COMPRESSED   0x00000004   Data   RW         2084    .data.TR            imu.o
    0x20200050   COMPRESSED   0x00000009   Data   RW         1871    .data.gyro_orientation  inv_mpu.o
    0x20200059   COMPRESSED   0x00000003   PAD
    0x2020005c   COMPRESSED   0x00000004   Data   RW         2050    .data.set_speed4    task3.o
    0x20200060   COMPRESSED   0x00000004   Data   RW         2065    .data.set_speed4    task5.o
    0x20200064   COMPRESSED   0x0000002c   Data   RW         1869    .data.st            inv_mpu.o
    0x20200090   COMPRESSED   0x000000f0   Data   RW         1977    .data.table         gui.o
    0x20200180        -       0x00000002   Zero   RW         1464    .bss.Car_control_task._cnt  drv_car.o
    0x20200182   COMPRESSED   0x00000002   PAD
    0x20200184        -       0x00000014   Zero   RW         2081    .bss.IMU            imu.o
    0x20200198        -       0x00000004   Zero   RW         1981    .bss.Motor_Child.pre  gui.o
    0x2020019c        -       0x00000004   Zero   RW         1988    .bss.Task_1_Child.speed  gui.o
    0x202001a0        -       0x00000001   Zero   RW         1987    .bss.Task_1_Child.start_flag  gui.o
    0x202001a1        -       0x00000001   Zero   RW         1992    .bss.Task_2_Child.mode  gui.o
    0x202001a2   COMPRESSED   0x00000002   PAD
    0x202001a4        -       0x00000004   Zero   RW         1990    .bss.Task_2_Child.speed1  gui.o
    0x202001a8        -       0x00000004   Zero   RW         1991    .bss.Task_2_Child.speed2  gui.o
    0x202001ac        -       0x00000001   Zero   RW         1989    .bss.Task_2_Child.start_flag  gui.o
    0x202001ad        -       0x00000001   Zero   RW         1993    .bss.Task_3_Child.start_flag  gui.o
    0x202001ae        -       0x00000001   Zero   RW         1994    .bss.Task_4_Child.start_flag  gui.o
    0x202001af        -       0x00000001   Zero   RW         1409    .bss.USART0_Receive_ISR.cnt  drv_uart.o
    0x202001b0        -       0x00000001   Zero   RW         1410    .bss.USART1_Receive_ISR.cnt  drv_uart.o
    0x202001b1   COMPRESSED   0x00000001   PAD
    0x202001b2        -       0x00000002   Zero   RW         1207    .bss.adc_v          main.o
    0x202001b4        -       0x0000001c   Zero   RW         1697    .bss.beep           drv_gpio.o
    0x202001d0        -       0x000000b0   Zero   RW         1461    .bss.car_control    drv_car.o
    0x20200280        -       0x00000004   Zero   RW         2064    .bss.count_task4    task5.o
    0x20200284        -       0x00000004   Zero   RW         1979    .bss.current_operation_func  gui.o
    0x20200288        -       0x00000010   Zero   RW         1940    .bss.dmp            inv_mpu_dmp_motion_driver.o
    0x20200298        -       0x00000004   Zero   RW         2083    .bss.flag_imuready  imu.o
    0x2020029c        -       0x00000001   Zero   RW         1625    .bss.gCheckADC      drv_adc.o
    0x2020029d   COMPRESSED   0x00000001   PAD
    0x2020029e        -       0x00000006   Zero   RW         1599    .bss.gData16        drv_flash.o
    0x202002a4        -       0x0000000c   Zero   RW         1600    .bss.gData32        drv_flash.o
    0x202002b0        -       0x00000003   Zero   RW         1598    .bss.gData8         drv_flash.o
    0x202002b3   COMPRESSED   0x00000001   PAD
    0x202002b4        -       0x00000028   Zero   RW         1348    .bss.gICM_SPI_0Backup  ti_msp_dl_config.o
    0x202002dc        -       0x000000bc   Zero   RW         1347    .bss.gPWM_0Backup   ti_msp_dl_config.o
    0x20200398        -       0x00000002   Zero   RW         1643    .bss.gray_state     drv_sensor.o
    0x2020039a        -       0x00000004   Zero   RW         1641    .bss.gray_status    drv_sensor.o
    0x2020039e        -       0x00000050   Zero   RW         1642    .bss.gray_status_backup  drv_sensor.o
    0x202003ee   COMPRESSED   0x00000002   PAD
    0x202003f0        -       0x00000004   Zero   RW         1644    .bss.gray_status_worse  drv_sensor.o
    0x202003f4        -       0x00000001   Zero   RW         1406    .bss.iscomend0      drv_uart.o
    0x202003f5        -       0x00000001   Zero   RW         1408    .bss.iscomend1      drv_uart.o
    0x202003f6   COMPRESSED   0x00000002   PAD
    0x202003f8        -       0x00000030   Zero   RW         2087    .bss.kalman         imu.o
    0x20200428        -       0x00000001   Zero   RW         1978    .bss.key_mod        gui.o
    0x20200429   COMPRESSED   0x00000003   PAD
    0x2020042c        -       0x00000004   Zero   RW         2030    .bss.last_yaw       task2.o
    0x20200430        -       0x0000001c   Zero   RW         1698    .bss.led            drv_gpio.o
    0x2020044c        -       0x00000001   Zero   RW         1645    .bss.link_check     drv_sensor.o
    0x2020044d        -       0x00000001   Zero   RW         2006    .bss.lock           task1.o
    0x2020044e        -       0x00000001   Zero   RW         2021    .bss.lock2          task2.o
    0x2020044f        -       0x00000001   Zero   RW         2048    .bss.lock3          task3.o
    0x20200450        -       0x00000001   Zero   RW         2062    .bss.lock4          task5.o
    0x20200451        -       0x00000014   Zero   RW         1405    .bss.rxbuff0        drv_uart.o
    0x20200465        -       0x00000014   Zero   RW         1407    .bss.rxbuff1        drv_uart.o
    0x20200479        -       0x00000006   Zero   RW         1639    .bss.sensor_val     drv_sensor.o
    0x2020047f   COMPRESSED   0x00000001   PAD
    0x20200480        -       0x00000004   Zero   RW         2007    .bss.set_speed      task1.o
    0x20200484        -       0x00000004   Zero   RW         2022    .bss.set_speed1     task2.o
    0x20200488        -       0x00000004   Zero   RW         2023    .bss.set_speed2     task2.o
    0x2020048c        -       0x00000004   Zero   RW         2029    .bss.ss_            task2.o
    0x20200490        -       0x00000004   Zero   RW         1677    .bss.sysTickUptime  system.o
    0x20200494        -       0x00000010   Zero   RW         1209    .bss.t_g0           main.o
    0x202004a4        -       0x00000010   Zero   RW         1210    .bss.t_g12          main.o
    0x202004b4        -       0x00000001   Zero   RW         1975    .bss.ui_index       gui.o
    0x202004b5        -       0x00000001   Zero   RW         1976    .bss.ui_index_last  gui.o
    0x202004b6   COMPRESSED   0x00000002   PAD
    0x202004b8        -       0x00000004   Zero   RW         1208    .bss.vcc            main.o
    0x202004bc        -       0x00000004   Zero   RW         2028    .bss.yaw_init       task2.o
    0x202004c0        -       0x00000004   Zero   RW         2024    .bss.yaw_now        task2.o
    0x202004c4        -       0x0000003c   Zero   RW         1463    .bss.yaw_pid        drv_car.o
    0x20200500        -       0x00000004   Zero   RW         2025    .bss.yaw_set        task2.o
    0x20200504   COMPRESSED   0x00000004   PAD
    0x20200508        -       0x00000400   Zero   RW         1369    STACK               startup_mspm0g350x_uvision.o



  Load Region LR_BCR (Base: 0x41c00000, Size: 0x00000000, Max: 0x00000100, ABSOLUTE)

    Execution Region BCR_CONFIG (Exec base: 0x41c00000, Load base: 0x41c00000, Size: 0x00000000, Max: 0x00000080, ABSOLUTE)

    **** No section assigned to this execution region ****



  Load Region LR_BSL (Base: 0x41c00100, Size: 0x00000000, Max: 0x00000100, ABSOLUTE)

    Execution Region BSL_CONFIG (Exec base: 0x41c00100, Load base: 0x41c00100, Size: 0x00000000, Max: 0x00000080, ABSOLUTE)

    **** No section assigned to this execution region ****


==============================================================================

Image component sizes


      Code (inc. data)   RO Data    RW Data    ZI Data      Debug   Object Name

       116         12          0          0          0       4120   dl_adc12.o
        20          0          0          0          0        648   dl_common.o
       160         12          0          0          0      10671   dl_spi.o
       448         44          0          0          0      16492   dl_sysctl_mspm0g1x0x_g3x0x.o
      1136         72          0          0          0      23584   dl_timer.o
       272         12          0          0          0      10743   dl_uart.o
       346         20          0          0          1       6224   drv_adc.o
      1662         56          0         60        238      10413   drv_car.o
       272         20          0          0         21       6092   drv_flash.o
       396         24          0          0         56       4715   drv_gpio.o
       394          8          0          1          0       3893   drv_key.o
       144          8          0          0          0       3829   drv_led.o
      1372          8          0          0          0       9337   drv_mpu6050.o
      2538         32       2074          0          0       9476   drv_oled.o
       642        102          0          0         97       4476   drv_sensor.o
       100          8          0          0          0       4740   drv_timer.o
       456         48          0          0         44       6252   drv_uart.o
      3876        254        212        240         28       5134   gui.o
       428         52         17          8         72       2263   imu.o
      9006        228        224         53          0      22323   inv_mpu.o
      3744        172       3062          0         16       9289   inv_mpu_dmp_motion_driver.o
       250          0          0          0          0       1154   kalman.o
       454         56          0          0         38       8130   main.o
       960          4          0          0          0       1757   pid.o
        20          4        192          0       1024        672   startup_mspm0g350x_uvision.o
       156         20          0          0          4       2496   system.o
       164         12          0          0          5        871   task1.o
       716         72          0          0         29       1742   task2.o
       692         76          0          4          1       1351   task3.o
       740         84          0          4          5       1375   task5.o
      3076        248        141          0        228      41728   ti_msp_dl_config.o

    ----------------------------------------------------------------------
     34788       1768       5960        376       1928     235990   Object Totals
         0          0         32          0          0          0   (incl. Generated)
        32          0          6          6         21          0   (incl. Padding)

    ----------------------------------------------------------------------

      Code (inc. data)   RO Data    RW Data    ZI Data      Debug   Library Member Name

       540         68        152          0          0        112   atan.o
       412         40          0          0          0        144   atan2.o
        38          6          0          0          0        204   dunder.o
        44          4          0          0          0         60   fpclassify.o
       172          0          0          0          0         76   poly.o
         0          0          8          0          0          0   qnan.o
        86          0          0          0          0          0   __dczerorl2.o
         0          0          0          0          0          0   entry.o
         0          0          0          0          0          0   entry10a.o
         0          0          0          0          0          0   entry11a.o
         8          4          0          0          0          0   entry2.o
         4          0          0          0          0          0   entry5.o
         0          0          0          0          0          0   entry7b.o
         0          0          0          0          0          0   entry8b.o
         8          4          0          0          0          0   entry9a.o
        12          6          0          4          0         60   errno.o
        30          0          0          0          0          0   handlers.o
        80          6          0          0          0         72   idiv_div0.o
        36          8          0          0          0         68   init.o
         0          0          0          0          0          0   iusefp.o
        76          0          0          0          0         76   ldiv.o
        48          0          0          0          0         72   llmul.o
        32          0          0          0          0         68   llshl.o
        38          0          0          0          0         68   llsshr.o
        34          0          0          0          0         68   llushr.o
        26          0          0          0          0         72   memcmp.o
      2298        104          0          0          0        544   printfa.o
         8          0          0          0          0         60   slabs.o
         0          0          0          4          0          0   stdout.o
        62          0          0          0          0         72   uidiv_div0.o
        96          0          0          0          0         84   uldiv.o
        40          2          0          0          0         68   cdcmple.o
        40          2          0          0          0         68   cdrcmple.o
        56          0          0          0          0         68   d2f.o
       356          4          0          0          0        140   dadd.o
        44          0          0          0          0         68   dcmpge.o
       240          6          0          0          0         84   ddiv.o
       236          0          0          0          0        216   depilogue.o
        72         10          0          0          0         72   dfixi.o
        64         10          0          0          0         68   dfixul.o
        40          6          0          0          0         68   dflti.o
       208          6          0          0          0         88   dmul.o
        44          0          0          0          0         72   dscalb.o
        40          0          0          0          0         60   f2d.o
       178          0          0          0          0        108   fadd.o
        28          0          0          0          0         60   fcmpeq.o
        28          0          0          0          0         60   fcmpge.o
        28          0          0          0          0         60   fcmpgt.o
        28          0          0          0          0         60   fcmple.o
        28          0          0          0          0         60   fcmplt.o
       124          0          0          0          0         72   fdiv.o
       130          0          0          0          0        144   fepilogue.o
        50          0          0          0          0         60   ffixi.o
        40          0          0          0          0         60   ffixui.o
        22          0          0          0          0         68   fflti.o
        14          0          0          0          0         68   ffltui.o
       122          0          0          0          0         72   fmul.o

    ----------------------------------------------------------------------
      6524        308        160          8          0       4072   Library Totals
        36         12          0          0          0          0   (incl. Padding)

    ----------------------------------------------------------------------

      Code (inc. data)   RO Data    RW Data    ZI Data      Debug   Library Name

      1206        118        160          0          0        596   m_ps.l
      2982        132          0          8          0       1384   mc_p.l
      2300         46          0          0          0       2092   mf_p.l

    ----------------------------------------------------------------------
      6524        308        160          8          0       4072   Library Totals

    ----------------------------------------------------------------------

==============================================================================


      Code (inc. data)   RO Data    RW Data    ZI Data      Debug   

     41312       2076       6120        384       1928     237650   Grand Totals
     41312       2076       6120        152       1928     237650   ELF Image Totals (compressed)
     41312       2076       6120        152          0          0   ROM Totals

==============================================================================

    Total RO  Size (Code + RO Data)                47432 (  46.32kB)
    Total RW  Size (RW Data + ZI Data)              2312 (   2.26kB)
    Total ROM Size (Code + RO Data + RW Data)      47584 (  46.47kB)

==============================================================================

